Archive member included to satisfy reference by file (symbol)

/Users/nux/Source/rockbox/build-boot-ipod6g/firmware/libfirmware.a(memcpy.o)
                              /Users/nux/Source/rockbox/build-boot-ipod6g/bootloader/ipod-s5l87xx.o (memcpy)
/Users/nux/Source/rockbox/build-boot-ipod6g/firmware/libfirmware.a(strlen.o)
                              /Users/nux/Source/rockbox/build-boot-ipod6g/bootloader/format.o (strlen)
/Users/nux/Source/rockbox/build-boot-ipod6g/firmware/libfirmware.a(backlight.o)
                              /Users/nux/Source/rockbox/build-boot-ipod6g/bootloader/ipod-s5l87xx.o (backlight_init)
/Users/nux/Source/rockbox/build-boot-ipod6g/firmware/libfirmware.a(powermgmt.o)
                              /Users/nux/Source/rockbox/build-boot-ipod6g/bootloader/ipod-s5l87xx.o (powermgmt_init)
/Users/nux/Source/rockbox/build-boot-ipod6g/firmware/libfirmware.a(usb.o)
                              /Users/nux/Source/rockbox/build-boot-ipod6g/bootloader/ipod-s5l87xx.o (usb_start_monitoring)
/Users/nux/Source/rockbox/build-boot-ipod6g/firmware/libfirmware.a(rb-loader.o)
                              /Users/nux/Source/rockbox/build-boot-ipod6g/bootloader/ipod-s5l87xx.o (load_firmware)
/Users/nux/Source/rockbox/build-boot-ipod6g/firmware/libfirmware.a(panic.o)
                              /Users/nux/Source/rockbox/build-boot-ipod6g/firmware/libfirmware.a(usb.o) (panicf)
/Users/nux/Source/rockbox/build-boot-ipod6g/firmware/libfirmware.a(version.o)
                              /Users/nux/Source/rockbox/build-boot-ipod6g/bootloader/ipod-s5l87xx.o (rbversion)
/Users/nux/Source/rockbox/build-boot-ipod6g/firmware/libfirmware.a(loader_strerror.o)
                              /Users/nux/Source/rockbox/build-boot-ipod6g/bootloader/common.o (loader_strerror)
/Users/nux/Source/rockbox/build-boot-ipod6g/firmware/libfirmware.a(file.o)
                              /Users/nux/Source/rockbox/build-boot-ipod6g/bootloader/common.o (close)
/Users/nux/Source/rockbox/build-boot-ipod6g/firmware/libfirmware.a(file_internal.o)
                              /Users/nux/Source/rockbox/build-boot-ipod6g/firmware/libfirmware.a(file.o) (filestr_alloc_cache)
/Users/nux/Source/rockbox/build-boot-ipod6g/firmware/libfirmware.a(disk.o)
                              /Users/nux/Source/rockbox/build-boot-ipod6g/bootloader/ipod-s5l87xx.o (disk_set_sector_multiplier)
/Users/nux/Source/rockbox/build-boot-ipod6g/firmware/libfirmware.a(fileobj_mgr.o)
                              /Users/nux/Source/rockbox/build-boot-ipod6g/firmware/libfirmware.a(file_internal.o) (fileobj_fileop_open)
/Users/nux/Source/rockbox/build-boot-ipod6g/firmware/libfirmware.a(pathfuncs.o)
                              /Users/nux/Source/rockbox/build-boot-ipod6g/firmware/libfirmware.a(file_internal.o) (parse_path_component)
/Users/nux/Source/rockbox/build-boot-ipod6g/firmware/libfirmware.a(linked_list.o)
                              /Users/nux/Source/rockbox/build-boot-ipod6g/firmware/libfirmware.a(fileobj_mgr.o) (ll_insert_last)
/Users/nux/Source/rockbox/build-boot-ipod6g/firmware/libfirmware.a(rb_namespace.o)
                              /Users/nux/Source/rockbox/build-boot-ipod6g/firmware/libfirmware.a(disk.o) (root_mount_path)
/Users/nux/Source/rockbox/build-boot-ipod6g/firmware/libfirmware.a(strcasecmp.o)
                              /Users/nux/Source/rockbox/build-boot-ipod6g/firmware/libfirmware.a(file_internal.o) (strcasecmp)
/Users/nux/Source/rockbox/build-boot-ipod6g/firmware/libfirmware.a(strlcpy.o)
                              /Users/nux/Source/rockbox/build-boot-ipod6g/firmware/libfirmware.a(pathfuncs.o) (strlcpy)
/Users/nux/Source/rockbox/build-boot-ipod6g/firmware/libfirmware.a(strmemccpy.o)
                              /Users/nux/Source/rockbox/build-boot-ipod6g/firmware/libfirmware.a(strlcpy.o) (strmemccpy)
/Users/nux/Source/rockbox/build-boot-ipod6g/firmware/libfirmware.a(errno.o)
                              /Users/nux/Source/rockbox/build-boot-ipod6g/firmware/libfirmware.a(file.o) (__errno)
/Users/nux/Source/rockbox/build-boot-ipod6g/firmware/libfirmware.a(ctype.o)
                              /Users/nux/Source/rockbox/build-boot-ipod6g/firmware/libfirmware.a(pathfuncs.o) (_ctype_)
/Users/nux/Source/rockbox/build-boot-ipod6g/firmware/libfirmware.a(memccpy.o)
                              /Users/nux/Source/rockbox/build-boot-ipod6g/firmware/libfirmware.a(strmemccpy.o) (memccpy)
/Users/nux/Source/rockbox/build-boot-ipod6g/firmware/libfirmware.a(strchr.o)
                              /Users/nux/Source/rockbox/build-boot-ipod6g/firmware/libfirmware.a(pathfuncs.o) (strchr)
/Users/nux/Source/rockbox/build-boot-ipod6g/firmware/libfirmware.a(strcmp.o)
                              /Users/nux/Source/rockbox/build-boot-ipod6g/firmware/libfirmware.a(file.o) (strcmp)
/Users/nux/Source/rockbox/build-boot-ipod6g/firmware/libfirmware.a(strcpy.o)
[...]
Memory Configuration

Name             Origin             Length             Attributes
DRAM             0x0000000008000000 0x0000000004000000
IRAM             0x0000000022000000 0x0000000000040000
VECT_AREA        0x0000000000000000 0x0000000000000400
MOVE_AREA        0x0000000022020800 0x000000000001f800
BSS_AREA         0x0000000008800000 0x00000000037fc000
*default*        0x0000000000000000 0xffffffffffffffff

Linker script and memory map

LOAD /Users/nux/Source/rockbox/build-boot-ipod6g/firmware/target/arm/s5l8702/crt0.o
LOAD /Users/nux/Source/rockbox/build-boot-ipod6g/bootloader/common.o
LOAD /Users/nux/Source/rockbox/build-boot-ipod6g/bootloader/format.o
LOAD /Users/nux/Source/rockbox/build-boot-ipod6g/bootloader/snprintf.o
LOAD /Users/nux/Source/rockbox/build-boot-ipod6g/bootloader/ipod-s5l87xx.o
LOAD /Users/nux/Source/rockbox/build-boot-ipod6g/apps/bitmaps/mono/default_icons.o
LOAD /Users/nux/Source/rockbox/build-boot-ipod6g/apps/bitmaps/native/rockboxlogo.320x98x16.o
LOAD /Users/nux/Source/rockbox/build-boot-ipod6g/firmware/libfirmware.a
LOAD /Users/nux/Source/rockbox/build-boot-ipod6g/firmware/libfirmware.a
LOAD /Users/nux/Source/rockbox/build-boot-ipod6g/lib/libunwarminder.a
LOAD /Users/nux/Source/rockbox/build-boot-ipod6g/lib/libarm_support.a
LOAD /Users/nux/Source/rockbox/build-boot-ipod6g/firmware/libfirmware.a
LOAD /Users/nux/Source/rockbox/build-boot-ipod6g/lib/libunwarminder.a
LOAD /Users/nux/Source/rockbox/build-boot-ipod6g/lib/libarm_support.a
LOAD /Users/nux/Source/rbtc/bin/../lib/gcc/arm-elf-eabi/9.5.0/libgcc.a
                0x0000000022020800                _movestart = LOADADDR (.text)
                0x0000000022038660                _moveend = (LOADADDR (.data) + SIZEOF (.data))

.text           0x0000000022020800    0x14b18
 *(.intvect)
 .intvect       0x0000000022020800       0x94 /Users/nux/Source/rockbox/build-boot-ipod6g/firmware/target/arm/s5l8702/crt0.o
                0x0000000022020800                start
                0x000000002202083c                _newstart
 *(.init.text)
 *fill*         0x0000000022020894        0xc 
 .init.text     0x00000000220208a0      0x110 /Users/nux/Source/rockbox/build-boot-ipod6g/firmware/target/arm/s5l8702/crt0.o
                0x00000000220208a0                start_loc
                0x0000000022020948                bss_init
 *(.text*)
 .text.printf   0x00000000220209b0       0x84 /Users/nux/Source/rockbox/build-boot-ipod6g/bootloader/common.o
                0x00000000220209b0                printf
 .text.format   0x0000000022020a34      0x3dc /Users/nux/Source/rockbox/build-boot-ipod6g/bootloader/format.o
                0x0000000022020a34                format
 .text.sprfunc  0x0000000022020e10       0x3c /Users/nux/Source/rockbox/build-boot-ipod6g/bootloader/snprintf.o
 .text.vsnprintf
                0x0000000022020e4c       0x48 /Users/nux/Source/rockbox/build-boot-ipod6g/bootloader/snprintf.o
                0x0000000022020e4c                vsnprintf
 .text.snprintf
                0x0000000022020e94       0x28 /Users/nux/Source/rockbox/build-boot-ipod6g/bootloader/snprintf.o
                0x0000000022020e94                snprintf
 .text.usb_mode
                0x0000000022020ebc       0xf4 /Users/nux/Source/rockbox/build-boot-ipod6g/bootloader/ipod-s5l87xx.o
 .text.launch_onb
                0x0000000022020fb0       0x70 /Users/nux/Source/rockbox/build-boot-ipod6g/bootloader/ipod-s5l87xx.o
 .text.kernel_launch_onb
                0x0000000022021020       0x28 /Users/nux/Source/rockbox/build-boot-ipod6g/bootloader/ipod-s5l87xx.o
 .text.fatal_error
                0x0000000022021048       0xf0 /Users/nux/Source/rockbox/build-boot-ipod6g/bootloader/ipod-s5l87xx.o
                0x0000000022021048                fatal_error
 .text.startup.main
                0x0000000022021138      0x67c /Users/nux/Source/rockbox/build-boot-ipod6g/bootloader/ipod-s5l87xx.o
                0x0000000022021138                main
 .text.backlight_init
                0x00000000220217b4       0x10 /Users/nux/Source/rockbox/build-boot-ipod6g/firmware/libfirmware.a(backlight.o)
                0x00000000220217b4                backlight_init
 .text.backlight_on
                0x00000000220217c4        0x4 /Users/nux/Source/rockbox/build-boot-ipod6g/firmware/libfirmware.a(backlight.o)
                0x00000000220217c4                backlight_on
 .text.is_backlight_on
                0x00000000220217c8        0x8 /Users/nux/Source/rockbox/build-boot-ipod6g/firmware/libfirmware.a(backlight.o)
                0x00000000220217c8                is_backlight_on
 .text.buttonlight_on
                0x00000000220217d0        0x4 /Users/nux/Source/rockbox/build-boot-ipod6g/firmware/libfirmware.a(backlight.o)
                0x00000000220217d0                buttonlight_on
 .text.set_sleep_timer
                0x00000000220217d4       0x50 /Users/nux/Source/rockbox/build-boot-ipod6g/firmware/libfirmware.a(powermgmt.o)
 .text.collect_power_history
                0x0000000022021824       0x30 /Users/nux/Source/rockbox/build-boot-ipod6g/firmware/libfirmware.a(powermgmt.o)
 .text.voltage_to_percent.part.0
                0x0000000022021854       0x4c /Users/nux/Source/rockbox/build-boot-ipod6g/firmware/libfirmware.a(powermgmt.o)
 .text.voltage_to_battery_level
                0x00000000220218a0       0xa4 /Users/nux/Source/rockbox/build-boot-ipod6g/firmware/libfirmware.a(powermgmt.o)
 .text.battery_status_update
                0x0000000022021944       0x60 /Users/nux/Source/rockbox/build-boot-ipod6g/firmware/libfirmware.a(powermgmt.o)
 .text.charger_inserted
                0x00000000220219a4       0x18 /Users/nux/Source/rockbox/build-boot-ipod6g/firmware/libfirmware.a(powermgmt.o)
                0x00000000220219a4                charger_inserted
 .text.power_input_present
                0x00000000220219bc       0x14 /Users/nux/Source/rockbox/build-boot-ipod6g/firmware/libfirmware.a(powermgmt.o)
                0x00000000220219bc                power_input_present
 .text.query_force_shutdown
                0x00000000220219d0       0x40 /Users/nux/Source/rockbox/build-boot-ipod6g/firmware/libfirmware.a(powermgmt.o)
                0x00000000220219d0                query_force_shutdown
 .text.power_thread
                0x0000000022021a10      0x278 /Users/nux/Source/rockbox/build-boot-ipod6g/firmware/libfirmware.a(powermgmt.o)
 .text.powermgmt_init
                0x0000000022021c88       0x3c /Users/nux/Source/rockbox/build-boot-ipod6g/firmware/libfirmware.a(powermgmt.o)
                0x0000000022021c88                powermgmt_init
 .text.reset_poweroff_timer
                0x0000000022021cc4       0x44 /Users/nux/Source/rockbox/build-boot-ipod6g/firmware/libfirmware.a(powermgmt.o)
                0x0000000022021cc4                reset_poweroff_timer
 .text.sys_poweroff
                0x0000000022021d08        0x4 /Users/nux/Source/rockbox/build-boot-ipod6g/firmware/libfirmware.a(powermgmt.o)
                0x0000000022021d08                sys_poweroff
 .text.usb_tick
                0x0000000022021d0c       0x78 /Users/nux/Source/rockbox/build-boot-ipod6g/firmware/libfirmware.a(usb.o)
 .text.usb_thread
                0x0000000022021d84      0x204 /Users/nux/Source/rockbox/build-boot-ipod6g/firmware/libfirmware.a(usb.o)
 .text.usb_signal_transfer_completion
                0x0000000022021f88       0x14 /Users/nux/Source/rockbox/build-boot-ipod6g/firmware/libfirmware.a(usb.o)
                0x0000000022021f88                usb_signal_transfer_completion
 .text.usb_clear_pending_transfer_completion_events
                0x0000000022021f9c        0x4 /Users/nux/Source/rockbox/build-boot-ipod6g/firmware/libfirmware.a(usb.o)
                0x0000000022021f9c                usb_clear_pending_transfer_completion_events
 .text.usb_charger_update
                0x0000000022021fa0       0x14 /Users/nux/Source/rockbox/build-boot-ipod6g/firmware/libfirmware.a(usb.o)
                0x0000000022021fa0                usb_charger_update
 .text.usb_start_monitoring
                0x0000000022021fb4       0x14 /Users/nux/Source/rockbox/build-boot-ipod6g/firmware/libfirmware.a(usb.o)
                0x0000000022021fb4                usb_start_monitoring
 .text.usb_acknowledge
                0x0000000022021fc8       0x14 /Users/nux/Source/rockbox/build-boot-ipod6g/firmware/libfirmware.a(usb.o)
                0x0000000022021fc8                usb_acknowledge
 .text.usb_signal_notify
                0x0000000022021fdc        0x4 /Users/nux/Source/rockbox/build-boot-ipod6g/firmware/libfirmware.a(usb.o)
                0x0000000022021fdc                usb_signal_notify
 .text.usb_init
                0x0000000022021fe0       0x70 /Users/nux/Source/rockbox/build-boot-ipod6g/firmware/libfirmware.a(usb.o)
                0x0000000022021fe0                usb_init
 .text.usb_close
                0x0000000022022050       0x58 /Users/nux/Source/rockbox/build-boot-ipod6g/firmware/libfirmware.a(usb.o)
                0x0000000022022050                usb_close
 .text.usb_inserted
                0x00000000220220a8       0x20 /Users/nux/Source/rockbox/build-boot-ipod6g/firmware/libfirmware.a(usb.o)
                0x00000000220220a8                usb_inserted
 .text.usb_exclusive_storage
                0x00000000220220c8       0x10 /Users/nux/Source/rockbox/build-boot-ipod6g/firmware/libfirmware.a(usb.o)
                0x00000000220220c8                usb_exclusive_storage
 .text.usb_request_exclusive_storage
                0x00000000220220d8       0x44 /Users/nux/Source/rockbox/build-boot-ipod6g/firmware/libfirmware.a(usb.o)
                0x00000000220220d8                usb_request_exclusive_storage
 .text.usb_release_exclusive_storage
                0x000000002202211c       0x70 /Users/nux/Source/rockbox/build-boot-ipod6g/firmware/libfirmware.a(usb.o)
                0x000000002202211c                usb_release_exclusive_storage
 .text.load_firmware_filename
                0x000000002202218c       0xd0 /Users/nux/Source/rockbox/build-boot-ipod6g/firmware/libfirmware.a(rb-loader.o)
 .text.load_firmware
                0x000000002202225c       0x84 /Users/nux/Source/rockbox/build-boot-ipod6g/firmware/libfirmware.a(rb-loader.o)
                0x000000002202225c                load_firmware
 .text.panicf   0x00000000220222e0        0xc /Users/nux/Source/rockbox/build-boot-ipod6g/firmware/libfirmware.a(panic.o)
                0x00000000220222e0                panicf
 .text.panicf_f
                0x00000000220222ec       0xf8 /Users/nux/Source/rockbox/build-boot-ipod6g/firmware/libfirmware.a(panic.o)
                0x00000000220222ec                panicf_f
 .text.loader_strerror
                0x00000000220223e4       0x24 /Users/nux/Source/rockbox/build-boot-ipod6g/firmware/libfirmware.a(loader_strerror.o)
                0x00000000220223e4                loader_strerror
 .text.file_internal_lock_WRITER
                0x0000000022022408        0xc /Users/nux/Source/rockbox/build-boot-ipod6g/firmware/libfirmware.a(file.o)
 .text.get_filestr
                0x0000000022022414       0x4c /Users/nux/Source/rockbox/build-boot-ipod6g/firmware/libfirmware.a(file.o)
 .text.flush_cache
                0x0000000022022460       0xb4 /Users/nux/Source/rockbox/build-boot-ipod6g/firmware/libfirmware.a(file.o)
 .text.file_internal_unlock_WRITER
                0x0000000022022514        0xc /Users/nux/Source/rockbox/build-boot-ipod6g/firmware/libfirmware.a(file.o)
 .text.file_internal_unlock_READER
                0x0000000022022520        0xc /Users/nux/Source/rockbox/build-boot-ipod6g/firmware/libfirmware.a(file.o)
 .text.readwrite_fill_cache
                0x000000002202252c      0x110 /Users/nux/Source/rockbox/build-boot-ipod6g/firmware/libfirmware.a(file.o)
 .text.ftruncate_internal
                0x000000002202263c      0x238 /Users/nux/Source/rockbox/build-boot-ipod6g/firmware/libfirmware.a(file.o)
 .text.fsync_internal
                0x0000000022022874      0x10c /Users/nux/Source/rockbox/build-boot-ipod6g/firmware/libfirmware.a(file.o)
 .text.close_internal
                0x0000000022022980       0x6c /Users/nux/Source/rockbox/build-boot-ipod6g/firmware/libfirmware.a(file.o)
 .text.readwrite
                0x00000000220229ec      0x4a4 /Users/nux/Source/rockbox/build-boot-ipod6g/firmware/libfirmware.a(file.o)
 .text.force_close_writer_internal
                0x0000000022022e90        0x4 /Users/nux/Source/rockbox/build-boot-ipod6g/firmware/libfirmware.a(file.o)
                0x0000000022022e90                force_close_writer_internal
 .text.close    0x0000000022022e94       0x64 /Users/nux/Source/rockbox/build-boot-ipod6g/firmware/libfirmware.a(file.o)
                0x0000000022022e94                close
 .text.open_internal_inner1
                0x0000000022022ef8      0x26c /Users/nux/Source/rockbox/build-boot-ipod6g/firmware/libfirmware.a(file.o)
 .text.open     0x0000000022023164       0x30 /Users/nux/Source/rockbox/build-boot-ipod6g/firmware/libfirmware.a(file.o)
                0x0000000022023164                open
 .text.read     0x0000000022023194       0x94 /Users/nux/Source/rockbox/build-boot-ipod6g/firmware/libfirmware.a(file.o)
                0x0000000022023194                read
 .text.write    0x0000000022023228       0x98 /Users/nux/Source/rockbox/build-boot-ipod6g/firmware/libfirmware.a(file.o)
                0x0000000022023228                write
 .text.filesize
                0x00000000220232c0       0x6c /Users/nux/Source/rockbox/build-boot-ipod6g/firmware/libfirmware.a(file.o)
                0x00000000220232c0                filesize
 .text.walk_check_prefix.isra.0
                0x000000002202332c       0x38 /Users/nux/Source/rockbox/build-boot-ipod6g/firmware/libfirmware.a(file_internal.o)
 .text.file_cache_init
                0x0000000022023364       0x20 /Users/nux/Source/rockbox/build-boot-ipod6g/firmware/libfirmware.a(file_internal.o)
                0x0000000022023364                file_cache_init
 .text.file_cache_reset
                0x0000000022023384       0x18 /Users/nux/Source/rockbox/build-boot-ipod6g/firmware/libfirmware.a(file_internal.o)
                0x0000000022023384                file_cache_reset
 .text.file_cache_alloc
                0x000000002202339c       0x30 /Users/nux/Source/rockbox/build-boot-ipod6g/firmware/libfirmware.a(file_internal.o)
                0x000000002202339c                file_cache_alloc
 .text.file_cache_free
                0x00000000220233cc       0x3c /Users/nux/Source/rockbox/build-boot-ipod6g/firmware/libfirmware.a(file_internal.o)
                0x00000000220233cc                file_cache_free
 .text.filestr_alloc_cache
                0x0000000022023408        0x8 /Users/nux/Source/rockbox/build-boot-ipod6g/firmware/libfirmware.a(file_internal.o)
                0x0000000022023408                filestr_alloc_cache
 .text.filestr_free_cache
                0x0000000022023410       0x18 /Users/nux/Source/rockbox/build-boot-ipod6g/firmware/libfirmware.a(file_internal.o)
                0x0000000022023410                filestr_free_cache
 .text.filestr_assign_cache
                0x0000000022023428       0x38 /Users/nux/Source/rockbox/build-boot-ipod6g/firmware/libfirmware.a(file_internal.o)
                0x0000000022023428                filestr_assign_cache
 .text.filestr_copy_cache
                0x0000000022023460       0x50 /Users/nux/Source/rockbox/build-boot-ipod6g/firmware/libfirmware.a(file_internal.o)
                0x0000000022023460                filestr_copy_cache
 .text.filestr_discard_cache
                0x00000000220234b0       0x1c /Users/nux/Source/rockbox/build-boot-ipod6g/firmware/libfirmware.a(file_internal.o)
                0x00000000220234b0                filestr_discard_cache
 .text.filestr_base_init
                0x00000000220234cc       0x34 /Users/nux/Source/rockbox/build-boot-ipod6g/firmware/libfirmware.a(file_internal.o)
                0x00000000220234cc                filestr_base_init
 .text.filestr_base_destroy
                0x0000000022023500       0x10 /Users/nux/Source/rockbox/build-boot-ipod6g/firmware/libfirmware.a(file_internal.o)
                0x0000000022023500                filestr_base_destroy
 .text.uncached_readdir_internal
                0x0000000022023510       0x3c /Users/nux/Source/rockbox/build-boot-ipod6g/firmware/libfirmware.a(file_internal.o)
                0x0000000022023510                uncached_readdir_internal
 .text.open_path_component
                0x000000002202354c      0x118 /Users/nux/Source/rockbox/build-boot-ipod6g/firmware/libfirmware.a(file_internal.o)
 .text.walk_path.constprop.0
                0x0000000022023664      0x264 /Users/nux/Source/rockbox/build-boot-ipod6g/firmware/libfirmware.a(file_internal.o)
 .text.open_stream_internal
                0x00000000220238c8      0x120 /Users/nux/Source/rockbox/build-boot-ipod6g/firmware/libfirmware.a(file_internal.o)
                0x00000000220238c8                open_stream_internal
 .text.close_stream_internal
                0x00000000220239e8       0x5c /Users/nux/Source/rockbox/build-boot-ipod6g/firmware/libfirmware.a(file_internal.o)
                0x00000000220239e8                close_stream_internal
 .text.create_stream_internal
                0x0000000022023a44       0x94 /Users/nux/Source/rockbox/build-boot-ipod6g/firmware/libfirmware.a(file_internal.o)
                0x0000000022023a44                create_stream_internal
 .text.filesystem_init
                0x0000000022023ad8       0x1c /Users/nux/Source/rockbox/build-boot-ipod6g/firmware/libfirmware.a(file_internal.o)
                0x0000000022023ad8                filesystem_init
 .text.file_internal_lock_WRITER
                0x0000000022023af4        0xc /Users/nux/Source/rockbox/build-boot-ipod6g/firmware/libfirmware.a(disk.o)
 .text.file_internal_unlock_WRITER
                0x0000000022023b00        0xc /Users/nux/Source/rockbox/build-boot-ipod6g/firmware/libfirmware.a(disk.o)
 .text.volume_onmount_internal
                0x0000000022023b0c       0x28 /Users/nux/Source/rockbox/build-boot-ipod6g/firmware/libfirmware.a(disk.o)
 .text.disk_get_sector_multiplier
                0x0000000022023b34       0x30 /Users/nux/Source/rockbox/build-boot-ipod6g/firmware/libfirmware.a(disk.o)
                0x0000000022023b34                disk_get_sector_multiplier
 .text.disk_set_sector_multiplier
                0x0000000022023b64       0x20 /Users/nux/Source/rockbox/build-boot-ipod6g/firmware/libfirmware.a(disk.o)
                0x0000000022023b64                disk_set_sector_multiplier
 .text.disk_get_log_sector_size
                0x0000000022023b84       0x30 /Users/nux/Source/rockbox/build-boot-ipod6g/firmware/libfirmware.a(disk.o)
                0x0000000022023b84                disk_get_log_sector_size
 *fill*         0x0000000022023bb4        0x4 
 .text.disk_init
                0x0000000022023bb8      0x548 /Users/nux/Source/rockbox/build-boot-ipod6g/firmware/libfirmware.a(disk.o)
                0x0000000022023bb8                disk_init
 .text.disk_partinfo
                0x0000000022024100       0x6c /Users/nux/Source/rockbox/build-boot-ipod6g/firmware/libfirmware.a(disk.o)
                0x0000000022024100                disk_partinfo
 .text.disk_mount
                0x000000002202416c      0x1f8 /Users/nux/Source/rockbox/build-boot-ipod6g/firmware/libfirmware.a(disk.o)
                0x000000002202416c                disk_mount
 .text.disk_mount_all
                0x0000000022024364       0x40 /Users/nux/Source/rockbox/build-boot-ipod6g/firmware/libfirmware.a(disk.o)
                0x0000000022024364                disk_mount_all
 .text.disk_unmount
                0x00000000220243a4       0x4c /Users/nux/Source/rockbox/build-boot-ipod6g/firmware/libfirmware.a(disk.o)
                0x00000000220243a4                disk_unmount
 .text.disk_unmount_all
                0x00000000220243f0       0x28 /Users/nux/Source/rockbox/build-boot-ipod6g/firmware/libfirmware.a(disk.o)
                0x00000000220243f0                disk_unmount_all
 .text.disk_present
                0x0000000022024418       0x40 /Users/nux/Source/rockbox/build-boot-ipod6g/firmware/libfirmware.a(disk.o)
                0x0000000022024418                disk_present
 .text.binding_assign
                0x0000000022024458       0x7c /Users/nux/Source/rockbox/build-boot-ipod6g/firmware/libfirmware.a(fileobj_mgr.o)
 .text.fileobj_sync_parent
                0x00000000220244d4       0x80 /Users/nux/Source/rockbox/build-boot-ipod6g/firmware/libfirmware.a(fileobj_mgr.o)
 .text.file_binding_insert_last
                0x0000000022024554       0x10 /Users/nux/Source/rockbox/build-boot-ipod6g/firmware/libfirmware.a(fileobj_mgr.o)
                0x0000000022024554                file_binding_insert_last
 .text.bind_source_info.part.0
                0x0000000022024564       0x14 /Users/nux/Source/rockbox/build-boot-ipod6g/firmware/libfirmware.a(fileobj_mgr.o)
 .text.file_binding_remove
                0x0000000022024578       0x10 /Users/nux/Source/rockbox/build-boot-ipod6g/firmware/libfirmware.a(fileobj_mgr.o)
                0x0000000022024578                file_binding_remove
 .text.fileobj_mount
                0x0000000022024588       0x60 /Users/nux/Source/rockbox/build-boot-ipod6g/firmware/libfirmware.a(fileobj_mgr.o)
                0x0000000022024588                fileobj_mount
 .text.fileobj_unmount
                0x00000000220245e8       0x48 /Users/nux/Source/rockbox/build-boot-ipod6g/firmware/libfirmware.a(fileobj_mgr.o)
                0x00000000220245e8                fileobj_unmount
 .text.fileobj_fileop_open
                0x0000000022024630      0x158 /Users/nux/Source/rockbox/build-boot-ipod6g/firmware/libfirmware.a(fileobj_mgr.o)
                0x0000000022024630                fileobj_fileop_open
 .text.fileobj_fileop_close
                0x0000000022024788       0xf4 /Users/nux/Source/rockbox/build-boot-ipod6g/firmware/libfirmware.a(fileobj_mgr.o)
                0x0000000022024788                fileobj_fileop_close
 .text.fileobj_fileop_create
                0x000000002202487c       0x28 /Users/nux/Source/rockbox/build-boot-ipod6g/firmware/libfirmware.a(fileobj_mgr.o)
                0x000000002202487c                fileobj_fileop_create
 .text.fileobj_fileop_sync
                0x00000000220248a4       0x30 /Users/nux/Source/rockbox/build-boot-ipod6g/firmware/libfirmware.a(fileobj_mgr.o)
                0x00000000220248a4                fileobj_fileop_sync
 .text.fileobj_get_sizep
                0x00000000220248d4       0x10 /Users/nux/Source/rockbox/build-boot-ipod6g/firmware/libfirmware.a(fileobj_mgr.o)
                0x00000000220248d4                fileobj_get_sizep
 .text.fileobj_get_next_stream
                0x00000000220248e4       0x1c /Users/nux/Source/rockbox/build-boot-ipod6g/firmware/libfirmware.a(fileobj_mgr.o)
                0x00000000220248e4                fileobj_get_next_stream
 .text.fileobj_get_flags
                0x0000000022024900       0x10 /Users/nux/Source/rockbox/build-boot-ipod6g/firmware/libfirmware.a(fileobj_mgr.o)
                0x0000000022024900                fileobj_get_flags
 .text.fileobj_change_flags
                0x0000000022024910       0x28 /Users/nux/Source/rockbox/build-boot-ipod6g/firmware/libfirmware.a(fileobj_mgr.o)
                0x0000000022024910                fileobj_change_flags
 .text.fileobj_mgr_unmount
                0x0000000022024938       0x74 /Users/nux/Source/rockbox/build-boot-ipod6g/firmware/libfirmware.a(fileobj_mgr.o)
                0x0000000022024938                fileobj_mgr_unmount
 .text.fileobj_mgr_init
                0x00000000220249ac       0x74 /Users/nux/Source/rockbox/build-boot-ipod6g/firmware/libfirmware.a(fileobj_mgr.o)
                0x00000000220249ac                fileobj_mgr_init
 .text.path_dirname
                0x0000000022024a20       0x8c /Users/nux/Source/rockbox/build-boot-ipod6g/firmware/libfirmware.a(pathfuncs.o)
                0x0000000022024a20                path_dirname
 .text.path_append_ex
                0x0000000022024aac      0x1f8 /Users/nux/Source/rockbox/build-boot-ipod6g/firmware/libfirmware.a(pathfuncs.o)
                0x0000000022024aac                path_append_ex
 .text.path_append
                0x0000000022024ca4       0x1c /Users/nux/Source/rockbox/build-boot-ipod6g/firmware/libfirmware.a(pathfuncs.o)
                0x0000000022024ca4                path_append
 .text.parse_path_component
                0x0000000022024cc0       0x5c /Users/nux/Source/rockbox/build-boot-ipod6g/firmware/libfirmware.a(pathfuncs.o)
                0x0000000022024cc0                parse_path_component
 .text.ll_insert_last
                0x0000000022024d1c       0x20 /Users/nux/Source/rockbox/build-boot-ipod6g/firmware/libfirmware.a(linked_list.o)
                0x0000000022024d1c                ll_insert_last
 .text.ll_remove_next
                0x0000000022024d3c       0x30 /Users/nux/Source/rockbox/build-boot-ipod6g/firmware/libfirmware.a(linked_list.o)
                0x0000000022024d3c                ll_remove_next
 .text.ll_remove_first
                0x0000000022024d6c       0x18 /Users/nux/Source/rockbox/build-boot-ipod6g/firmware/libfirmware.a(linked_list.o)
                0x0000000022024d6c                ll_remove_first
 .text.ll_remove
                0x0000000022024d84       0x28 /Users/nux/Source/rockbox/build-boot-ipod6g/firmware/libfirmware.a(linked_list.o)
                0x0000000022024d84                ll_remove
 .text.lld_insert_last
                0x0000000022024dac       0x20 /Users/nux/Source/rockbox/build-boot-ipod6g/firmware/libfirmware.a(linked_list.o)
                0x0000000022024dac                lld_insert_last
 .text.lld_remove
                0x0000000022024dcc       0x24 /Users/nux/Source/rockbox/build-boot-ipod6g/firmware/libfirmware.a(linked_list.o)
                0x0000000022024dcc                lld_remove
 .text.lldc_insert_first
                0x0000000022024df0       0x2c /Users/nux/Source/rockbox/build-boot-ipod6g/firmware/libfirmware.a(linked_list.o)
                0x0000000022024df0                lldc_insert_first
 .text.lldc_insert_last
                0x0000000022024e1c       0x2c /Users/nux/Source/rockbox/build-boot-ipod6g/firmware/libfirmware.a(linked_list.o)
                0x0000000022024e1c                lldc_insert_last
 .text.lldc_remove
                0x0000000022024e48       0x38 /Users/nux/Source/rockbox/build-boot-ipod6g/firmware/libfirmware.a(linked_list.o)
                0x0000000022024e48                lldc_remove
 .text.root_mount_path
                0x0000000022024e80      0x154 /Users/nux/Source/rockbox/build-boot-ipod6g/firmware/libfirmware.a(rb_namespace.o)
                0x0000000022024e80                root_mount_path
 .text.root_unmount_volume
                0x0000000022024fd4       0x64 /Users/nux/Source/rockbox/build-boot-ipod6g/firmware/libfirmware.a(rb_namespace.o)
                0x0000000022024fd4                root_unmount_volume
 .text.ns_parse_root
                0x0000000022025038       0x2c /Users/nux/Source/rockbox/build-boot-ipod6g/firmware/libfirmware.a(rb_namespace.o)
                0x0000000022025038                ns_parse_root
 .text.ns_open_root
                0x0000000022025064       0x78 /Users/nux/Source/rockbox/build-boot-ipod6g/firmware/libfirmware.a(rb_namespace.o)
                0x0000000022025064                ns_open_root
 .text.strcasecmp
                0x00000000220250dc       0x4c /Users/nux/Source/rockbox/build-boot-ipod6g/firmware/libfirmware.a(strcasecmp.o)
                0x00000000220250dc                strcasecmp
 .text.strlcpy  0x0000000022025128       0x38 /Users/nux/Source/rockbox/build-boot-ipod6g/firmware/libfirmware.a(strlcpy.o)
                0x0000000022025128                strlcpy
 .text.strmemccpy
                0x0000000022025160       0x3c /Users/nux/Source/rockbox/build-boot-ipod6g/firmware/libfirmware.a(strmemccpy.o)
                0x0000000022025160                strmemccpy
 .text.__errno  0x000000002202519c       0x14 /Users/nux/Source/rockbox/build-boot-ipod6g/firmware/libfirmware.a(errno.o)
                0x000000002202519c                __errno
 .text.memccpy  0x00000000220251b0       0x30 /Users/nux/Source/rockbox/build-boot-ipod6g/firmware/libfirmware.a(memccpy.o)
                0x00000000220251b0                memccpy
 .text.strchr   0x00000000220251e0       0x30 /Users/nux/Source/rockbox/build-boot-ipod6g/firmware/libfirmware.a(strchr.o)
                0x00000000220251e0                strchr
 .text.strcpy   0x0000000022025210       0x18 /Users/nux/Source/rockbox/build-boot-ipod6g/firmware/libfirmware.a(strcpy.o)
                0x0000000022025210                strcpy
 .text.font_init
                0x0000000022025228        0x4 /Users/nux/Source/rockbox/build-boot-ipod6g/firmware/libfirmware.a(font.o)
                0x0000000022025228                font_init
 .text.font_get
                0x000000002202522c        0xc /Users/nux/Source/rockbox/build-boot-ipod6g/firmware/libfirmware.a(font.o)
                0x000000002202522c                font_get
 .text.font_get_width
                0x0000000022025238       0x3c /Users/nux/Source/rockbox/build-boot-ipod6g/firmware/libfirmware.a(font.o)
                0x0000000022025238                font_get_width
 .text.font_get_bits
                0x0000000022025274       0x60 /Users/nux/Source/rockbox/build-boot-ipod6g/firmware/libfirmware.a(font.o)
                0x0000000022025274                font_get_bits
 .text.font_getstringnsize
                0x00000000220252d4       0xac /Users/nux/Source/rockbox/build-boot-ipod6g/firmware/libfirmware.a(font.o)
                0x00000000220252d4                font_getstringnsize
 .text.font_getstringsize
                0x0000000022025380       0x20 /Users/nux/Source/rockbox/build-boot-ipod6g/firmware/libfirmware.a(font.o)
                0x0000000022025380                font_getstringsize
 .text.lcd_frameaddress_default
                0x00000000220253a0       0x24 /Users/nux/Source/rockbox/build-boot-ipod6g/firmware/libfirmware.a(lcd-16bit.o)
 .text.clip_viewport_rect
                0x00000000220253c4       0xf8 /Users/nux/Source/rockbox/build-boot-ipod6g/firmware/libfirmware.a(lcd-16bit.o)
 .text.blend_two_colors
                0x00000000220254bc       0x34 /Users/nux/Source/rockbox/build-boot-ipod6g/firmware/libfirmware.a(lcd-16bit.o)
 .text.lcd_putsxyofs
                0x00000000220254f0      0x128 /Users/nux/Source/rockbox/build-boot-ipod6g/firmware/libfirmware.a(lcd-16bit.o)
 .text.lcd_set_foreground
                0x0000000022025618       0x14 /Users/nux/Source/rockbox/build-boot-ipod6g/firmware/libfirmware.a(lcd-16bit.o)
                0x0000000022025618                lcd_set_foreground
 .text.lcd_set_background
                0x000000002202562c       0x14 /Users/nux/Source/rockbox/build-boot-ipod6g/firmware/libfirmware.a(lcd-16bit.o)
                0x000000002202562c                lcd_set_background
 .text.lcd_set_backdrop
                0x0000000022025640       0x68 /Users/nux/Source/rockbox/build-boot-ipod6g/firmware/libfirmware.a(lcd-16bit.o)
                0x0000000022025640                lcd_set_backdrop
 .text.lcd_set_drawmode
                0x00000000220256a8       0x18 /Users/nux/Source/rockbox/build-boot-ipod6g/firmware/libfirmware.a(lcd-16bit.o)
                0x00000000220256a8                lcd_set_drawmode
 .text.lcd_setfont
                0x00000000220256c0       0x14 /Users/nux/Source/rockbox/build-boot-ipod6g/firmware/libfirmware.a(lcd-16bit.o)
                0x00000000220256c0                lcd_setfont
 .text.lcd_getstringsize
                0x00000000220256d4       0x14 /Users/nux/Source/rockbox/build-boot-ipod6g/firmware/libfirmware.a(lcd-16bit.o)
                0x00000000220256d4                lcd_getstringsize
 .text.lcd_set_drawinfo
                0x00000000220256e8       0x20 /Users/nux/Source/rockbox/build-boot-ipod6g/firmware/libfirmware.a(lcd-16bit.o)
                0x00000000220256e8                lcd_set_drawinfo
 .text.lcd_init_viewport
                0x0000000022025708       0x78 /Users/nux/Source/rockbox/build-boot-ipod6g/firmware/libfirmware.a(lcd-16bit.o)
                0x0000000022025708                lcd_init_viewport
 .text.lcd_set_viewport_ex
                0x0000000022025780       0x3c /Users/nux/Source/rockbox/build-boot-ipod6g/firmware/libfirmware.a(lcd-16bit.o)
                0x0000000022025780                lcd_set_viewport_ex
 .text.lcd_set_viewport
                0x00000000220257bc        0x8 /Users/nux/Source/rockbox/build-boot-ipod6g/firmware/libfirmware.a(lcd-16bit.o)
                0x00000000220257bc                lcd_set_viewport
 .text.lcd_puts
                0x00000000220257c4       0x44 /Users/nux/Source/rockbox/build-boot-ipod6g/firmware/libfirmware.a(lcd-16bit.o)
                0x00000000220257c4                lcd_puts
 .text.lcd_putsf
                0x0000000022025808       0x4c /Users/nux/Source/rockbox/build-boot-ipod6g/firmware/libfirmware.a(lcd-16bit.o)
                0x0000000022025808                lcd_putsf
 .text.lcd_clear_viewport
                0x0000000022025854      0x104 /Users/nux/Source/rockbox/build-boot-ipod6g/firmware/libfirmware.a(lcd-16bit.o)
                0x0000000022025854                lcd_clear_viewport
 .text.lcd_clear_display
                0x0000000022025958       0x28 /Users/nux/Source/rockbox/build-boot-ipod6g/firmware/libfirmware.a(lcd-16bit.o)
                0x0000000022025958                lcd_clear_display
 .text.lcd_init
                0x0000000022025980       0x1c /Users/nux/Source/rockbox/build-boot-ipod6g/firmware/libfirmware.a(lcd-16bit.o)
                0x0000000022025980                lcd_init
 .text.lcd_mono_bmp_part_helper
                0x000000002202599c        0x4 /Users/nux/Source/rockbox/build-boot-ipod6g/firmware/libfirmware.a(lcd-16bit.o)
 .text.is_diacritic
                0x00000000220259a0       0x14 /Users/nux/Source/rockbox/build-boot-ipod6g/firmware/libfirmware.a(diacritic.o)
                0x00000000220259a0                is_diacritic
 .text.filter_first_keypress_disabled
                0x00000000220259b4       0x10 /Users/nux/Source/rockbox/build-boot-ipod6g/firmware/libfirmware.a(button.o)
 .text.hp_detect_callback
                0x00000000220259c4       0x24 /Users/nux/Source/rockbox/build-boot-ipod6g/firmware/libfirmware.a(button.o)
 .text.button_read.isra.0
                0x00000000220259e8       0x30 /Users/nux/Source/rockbox/build-boot-ipod6g/firmware/libfirmware.a(button.o)
 .text.button_tick
                0x0000000022025a18      0x234 /Users/nux/Source/rockbox/build-boot-ipod6g/firmware/libfirmware.a(button.o)
 .text.button_init
                0x0000000022025c4c       0x48 /Users/nux/Source/rockbox/build-boot-ipod6g/firmware/libfirmware.a(button.o)
                0x0000000022025c4c                button_init
 .text.button_status
                0x0000000022025c94       0x10 /Users/nux/Source/rockbox/build-boot-ipod6g/firmware/libfirmware.a(button.o)
                0x0000000022025c94                button_status
 .text.button_queue_post
                0x0000000022025ca4       0x14 /Users/nux/Source/rockbox/build-boot-ipod6g/firmware/libfirmware.a(button_queue.o)
                0x0000000022025ca4                button_queue_post
 .text.button_queue_post_remove_head
                0x0000000022025cb8       0x34 /Users/nux/Source/rockbox/build-boot-ipod6g/firmware/libfirmware.a(button_queue.o)
                0x0000000022025cb8                button_queue_post_remove_head
 .text.button_queue_try_post
                0x0000000022025cec       0x4c /Users/nux/Source/rockbox/build-boot-ipod6g/firmware/libfirmware.a(button_queue.o)
                0x0000000022025cec                button_queue_try_post
 .text.button_queue_empty
                0x0000000022025d38        0xc /Users/nux/Source/rockbox/build-boot-ipod6g/firmware/libfirmware.a(button_queue.o)
                0x0000000022025d38                button_queue_empty
 .text.button_get_w_tmo
                0x0000000022025d44       0x44 /Users/nux/Source/rockbox/build-boot-ipod6g/firmware/libfirmware.a(button_queue.o)
                0x0000000022025d44                button_get_w_tmo
 .text.button_get_data
                0x0000000022025d88       0x10 /Users/nux/Source/rockbox/build-boot-ipod6g/firmware/libfirmware.a(button_queue.o)
                0x0000000022025d88                button_get_data
 .text.button_queue_init
                0x0000000022025d98       0x10 /Users/nux/Source/rockbox/build-boot-ipod6g/firmware/libfirmware.a(button_queue.o)
                0x0000000022025d98                button_queue_init
 .text.storage_thread
                0x0000000022025da8       0xf4 /Users/nux/Source/rockbox/build-boot-ipod6g/firmware/libfirmware.a(storage.o)
 .text.storage_init
                0x0000000022025e9c       0x70 /Users/nux/Source/rockbox/build-boot-ipod6g/firmware/libfirmware.a(storage.o)
                0x0000000022025e9c                storage_init
 .text.storage_read_sectors
                0x0000000022025f0c        0x4 /Users/nux/Source/rockbox/build-boot-ipod6g/firmware/libfirmware.a(storage.o)
                0x0000000022025f0c                storage_read_sectors
 .text.storage_write_sectors
                0x0000000022025f10        0x4 /Users/nux/Source/rockbox/build-boot-ipod6g/firmware/libfirmware.a(storage.o)
                0x0000000022025f10                storage_write_sectors
 .text.ttb_init
                0x0000000022025f14       0x18 /Users/nux/Source/rockbox/build-boot-ipod6g/firmware/libfirmware.a(mmu-arm.o)
                0x0000000022025f14                ttb_init
 .text.map_section
                0x0000000022025f2c       0x48 /Users/nux/Source/rockbox/build-boot-ipod6g/firmware/libfirmware.a(mmu-arm.o)
                0x0000000022025f2c                map_section
 .text.enable_mmu
                0x0000000022025f74       0x34 /Users/nux/Source/rockbox/build-boot-ipod6g/firmware/libfirmware.a(mmu-arm.o)
                0x0000000022025f74                enable_mmu
 .text.commit_discard_dcache_range
                0x0000000022025fa8       0x80 /Users/nux/Source/rockbox/build-boot-ipod6g/firmware/libfirmware.a(mmu-arm.o)
                0x0000000022025fa8                commit_discard_dcache_range
 .text.commit_dcache_range
                0x0000000022026028       0x80 /Users/nux/Source/rockbox/build-boot-ipod6g/firmware/libfirmware.a(mmu-arm.o)
                0x0000000022026028                commit_dcache_range
 .text.discard_dcache_range
                0x00000000220260a8       0x9c /Users/nux/Source/rockbox/build-boot-ipod6g/firmware/libfirmware.a(mmu-arm.o)
                0x00000000220260a8                discard_dcache_range
 .text.commit_dcache
                0x0000000022026144       0x14 /Users/nux/Source/rockbox/build-boot-ipod6g/firmware/libfirmware.a(mmu-arm.o)
                0x0000000022026144                commit_dcache
 .text.software_int_handler
                0x0000000022026158        0xc /Users/nux/Source/rockbox/build-boot-ipod6g/firmware/libfirmware.a(system-arm-classic.o)
                0x0000000022026158                software_int_handler
 .text.reserved_handler
                0x0000000022026164        0xc /Users/nux/Source/rockbox/build-boot-ipod6g/firmware/libfirmware.a(system-arm-classic.o)
                0x0000000022026164                reserved_handler
 .text.prefetch_abort_handler
                0x0000000022026170        0xc /Users/nux/Source/rockbox/build-boot-ipod6g/firmware/libfirmware.a(system-arm-classic.o)
                0x0000000022026170                prefetch_abort_handler
 .text.undef_instr_handler
                0x000000002202617c        0xc /Users/nux/Source/rockbox/build-boot-ipod6g/firmware/libfirmware.a(system-arm-classic.o)
                0x000000002202617c                undef_instr_handler
 .text.UIE      0x0000000022026188      0x140 /Users/nux/Source/rockbox/build-boot-ipod6g/firmware/libfirmware.a(system-arm-classic.o)
                0x0000000022026188                UIE
 .text.__div0   0x00000000220262c8       0x10 /Users/nux/Source/rockbox/build-boot-ipod6g/firmware/libfirmware.a(system-arm-classic.o)
                0x00000000220262c8                __div0
 .text.wait_rdy
                0x00000000220262d8       0x20 /Users/nux/Source/rockbox/build-boot-ipod6g/firmware/libfirmware.a(i2c-s5l8702.o)
 .text.i2c_wait_io
                0x00000000220262f8       0x58 /Users/nux/Source/rockbox/build-boot-ipod6g/firmware/libfirmware.a(i2c-s5l8702.o)
 .text.i2c_start
                0x0000000022026350       0x8c /Users/nux/Source/rockbox/build-boot-ipod6g/firmware/libfirmware.a(i2c-s5l8702.o)
 .text.i2c_stop
                0x00000000220263dc       0x4c /Users/nux/Source/rockbox/build-boot-ipod6g/firmware/libfirmware.a(i2c-s5l8702.o)
 .text.i2c_on   0x0000000022026428       0x14 /Users/nux/Source/rockbox/build-boot-ipod6g/firmware/libfirmware.a(i2c-s5l8702.o)
 .text.i2c_off  0x000000002202643c       0x40 /Users/nux/Source/rockbox/build-boot-ipod6g/firmware/libfirmware.a(i2c-s5l8702.o)
 .text.i2c_wr_internal
                0x000000002202647c       0xe8 /Users/nux/Source/rockbox/build-boot-ipod6g/firmware/libfirmware.a(i2c-s5l8702.o)
 .text.i2c_init
                0x0000000022026564       0x20 /Users/nux/Source/rockbox/build-boot-ipod6g/firmware/libfirmware.a(i2c-s5l8702.o)
                0x0000000022026564                i2c_init
 .text.i2c_wr   0x0000000022026584       0x4c /Users/nux/Source/rockbox/build-boot-ipod6g/firmware/libfirmware.a(i2c-s5l8702.o)
                0x0000000022026584                i2c_wr
 .text.i2c_rd   0x00000000220265d0       0xc8 /Users/nux/Source/rockbox/build-boot-ipod6g/firmware/libfirmware.a(i2c-s5l8702.o)
                0x00000000220265d0                i2c_rd
 .text.i2c_write
                0x0000000022026698       0x60 /Users/nux/Source/rockbox/build-boot-ipod6g/firmware/libfirmware.a(i2c-s5l8702.o)
                0x0000000022026698                i2c_write
 .text.i2c_read
                0x00000000220266f8       0x60 /Users/nux/Source/rockbox/build-boot-ipod6g/firmware/libfirmware.a(i2c-s5l8702.o)
                0x00000000220266f8                i2c_read
 .text.i2c_preinit
                0x0000000022026758       0xcc /Users/nux/Source/rockbox/build-boot-ipod6g/firmware/libfirmware.a(i2c-s5l8702.o)
                0x0000000022026758                i2c_preinit
 .text.s5l_clickwheel_init
                0x0000000022026824       0x7c /Users/nux/Source/rockbox/build-boot-ipod6g/firmware/libfirmware.a(button-clickwheel.o)
 .text.INT_WHEEL
                0x00000000220268a0      0x3ac /Users/nux/Source/rockbox/build-boot-ipod6g/firmware/libfirmware.a(button-clickwheel.o)
                0x00000000220268a0                INT_WHEEL
 .text.button_init_device
                0x0000000022026c4c       0x30 /Users/nux/Source/rockbox/build-boot-ipod6g/firmware/libfirmware.a(button-clickwheel.o)
                0x0000000022026c4c                button_init_device
 .text.button_hold
                0x0000000022026c7c       0x14 /Users/nux/Source/rockbox/build-boot-ipod6g/firmware/libfirmware.a(button-clickwheel.o)
                0x0000000022026c7c                button_hold
 .text.headphones_inserted
                0x0000000022026c90       0x18 /Users/nux/Source/rockbox/build-boot-ipod6g/firmware/libfirmware.a(button-clickwheel.o)
                0x0000000022026c90                headphones_inserted
 .text.button_read_device
                0x0000000022026ca8       0x78 /Users/nux/Source/rockbox/build-boot-ipod6g/firmware/libfirmware.a(button-clickwheel.o)
                0x0000000022026ca8                button_read_device
 .text.UIRQ     0x0000000022026d20       0x1c /Users/nux/Source/rockbox/build-boot-ipod6g/firmware/libfirmware.a(system-s5l8702.o)
                0x0000000022026d20                INT_EXT5
                0x0000000022026d20                INT_IRQ9
                0x0000000022026d20                INT_IRQ10
                0x0000000022026d20                INT_IRQ40
                0x0000000022026d20                INT_IRQ56
                0x0000000022026d20                INT_IRQ49
                0x0000000022026d20                INT_IRQ11
                0x0000000022026d20                INT_IRQ59
                0x0000000022026d20                INT_IRQ41
                0x0000000022026d20                INT_IRQ6
                0x0000000022026d20                INT_IRQ52
                0x0000000022026d20                INT_IRQ45
                0x0000000022026d20                INT_UART3
                0x0000000022026d20                INT_IRQ18
                0x0000000022026d20                INT_TIMERG
                0x0000000022026d20                INT_IRQ46
                0x0000000022026d20                INT_IRQ42
                0x0000000022026d20                INT_IRQ20
                0x0000000022026d20                INT_IRQ5
                0x0000000022026d20                INT_UART0
                0x0000000022026d20                INT_UART1
                0x0000000022026d20                INT_IRQ15
                0x0000000022026d20                INT_IRQ28
                0x0000000022026d20                INT_IRQ63
                0x0000000022026d20                INT_IRQ47
                0x0000000022026d20                INT_IRQ38
                0x0000000022026d20                INT_IRQ58
                0x0000000022026d20                INT_IRQ60
                0x0000000022026d20                INT_IRQ48
                0x0000000022026d20                INT_IRQ22
                0x0000000022026d20                INT_IRQ37
                0x0000000022026d20                INT_TIMERD
                0x0000000022026d20                INT_UART2
                0x0000000022026d20                INT_IRQ30
                0x0000000022026d20                INT_IRQ50
                0x0000000022026d20                INT_IRQ36
                0x0000000022026d20                INT_IRQ61
                0x0000000022026d20                INT_IRQ53
                0x0000000022026d20                INT_TIMERH
                0x0000000022026d20                INT_EXT4
                0x0000000022026d20                INT_TIMERE
                0x0000000022026d20                INT_IRQ13
                0x0000000022026d20                INT_IRQ51
                0x0000000022026d20                INT_IRQ34
                0x0000000022026d20                INT_IRQ14
                0x0000000022026d20                INT_IRQ43
                0x0000000022026d20                INT_IRQ39
                0x0000000022026d20                INT_IRQ21
                0x0000000022026d20                INT_IRQ54
                0x0000000022026d20                INT_IRQ62
                0x0000000022026d20                INT_TIMERA
                0x0000000022026d20                INT_IRQ35
                0x0000000022026d20                INT_IRQ55
                0x0000000022026d20                INT_IRQ12
                0x0000000022026d20                INT_IRQ57
                0x0000000022026d20                INT_TIMERC
                0x0000000022026d20                INT_IRQ4
                0x0000000022026d20                INT_TIMERF
 .text.irq_handler
                0x0000000022026d3c       0xc0 /Users/nux/Source/rockbox/build-boot-ipod6g/firmware/libfirmware.a(system-s5l8702.o)
                0x0000000022026d3c                irq_handler
 .text.fiq_dummy
                0x0000000022026dfc        0x8 /Users/nux/Source/rockbox/build-boot-ipod6g/firmware/libfirmware.a(system-s5l8702.o)
                0x0000000022026dfc                fiq_handler
                0x0000000022026dfc                fiq_dummy
 .text.system_init
                0x0000000022026e04       0x80 /Users/nux/Source/rockbox/build-boot-ipod6g/firmware/libfirmware.a(system-s5l8702.o)
                0x0000000022026e04                system_init
 .text.system_reboot
                0x0000000022026e84       0x14 /Users/nux/Source/rockbox/build-boot-ipod6g/firmware/libfirmware.a(system-s5l8702.o)
                0x0000000022026e84                system_reboot
 .text.system_exception_wait
                0x0000000022026e98        0x4 /Users/nux/Source/rockbox/build-boot-ipod6g/firmware/libfirmware.a(system-s5l8702.o)
                0x0000000022026e98                system_exception_wait
 .text.memory_init
                0x0000000022026e9c       0x4c /Users/nux/Source/rockbox/build-boot-ipod6g/firmware/libfirmware.a(system-s5l8702.o)
                0x0000000022026e9c                memory_init
 .text.system_preinit
                0x0000000022026ee8      0x344 /Users/nux/Source/rockbox/build-boot-ipod6g/firmware/libfirmware.a(system-s5l8702.o)
                0x0000000022026ee8                system_preinit
 .text.gpio_preinit
                0x000000002202722c       0x3c /Users/nux/Source/rockbox/build-boot-ipod6g/firmware/libfirmware.a(gpio-s5l8702.o)
                0x000000002202722c                gpio_preinit
 .text.gpio_init
                0x0000000022027268       0x88 /Users/nux/Source/rockbox/build-boot-ipod6g/firmware/libfirmware.a(gpio-s5l8702.o)
                0x0000000022027268                gpio_init
 .text.eint_init
                0x00000000220272f0       0x38 /Users/nux/Source/rockbox/build-boot-ipod6g/firmware/libfirmware.a(gpio-s5l8702.o)
                0x00000000220272f0                eint_init
 .text.eint_register
                0x0000000022027328       0xe0 /Users/nux/Source/rockbox/build-boot-ipod6g/firmware/libfirmware.a(gpio-s5l8702.o)
                0x0000000022027328                eint_register
 .text.eint_unregister
                0x0000000022027408       0x88 /Users/nux/Source/rockbox/build-boot-ipod6g/firmware/libfirmware.a(gpio-s5l8702.o)
                0x0000000022027408                eint_unregister
 .text.dma_init_ctrl
                0x0000000022027490       0x50 /Users/nux/Source/rockbox/build-boot-ipod6g/firmware/libfirmware.a(dma-s5l8702.o)
                0x0000000022027490                dma_init_ctrl
 .text.dma_init
                0x00000000220274e0       0x38 /Users/nux/Source/rockbox/build-boot-ipod6g/firmware/libfirmware.a(dma-s5l8702.o)
                0x00000000220274e0                dma_init
 .text.soc_set_system_divs
                0x0000000022027518       0x8c /Users/nux/Source/rockbox/build-boot-ipod6g/firmware/libfirmware.a(clocking-s5l8702.o)
                0x0000000022027518                soc_set_system_divs
 .text.soc_set_hsdiv
                0x00000000220275a4       0x14 /Users/nux/Source/rockbox/build-boot-ipod6g/firmware/libfirmware.a(clocking-s5l8702.o)
                0x00000000220275a4                soc_set_hsdiv
 .text.clocking_init
                0x00000000220275b8       0x44 /Users/nux/Source/rockbox/build-boot-ipod6g/firmware/libfirmware.a(clocking-s5l8702.o)
                0x00000000220275b8                clocking_init
 .text.clockgate_enable
                0x00000000220275fc       0xb8 /Users/nux/Source/rockbox/build-boot-ipod6g/firmware/libfirmware.a(clocking-s5l8702.o)
                0x00000000220275fc                clockgate_enable
 .text.pll_config
                0x00000000220276b4      0x10c /Users/nux/Source/rockbox/build-boot-ipod6g/firmware/libfirmware.a(clocking-s5l8702.o)
                0x00000000220276b4                pll_config
 .text.pll_onoff
                0x00000000220277c0       0xa0 /Users/nux/Source/rockbox/build-boot-ipod6g/firmware/libfirmware.a(clocking-s5l8702.o)
                0x00000000220277c0                pll_onoff
 .text.cg16_config
                0x0000000022027860       0x70 /Users/nux/Source/rockbox/build-boot-ipod6g/firmware/libfirmware.a(clocking-s5l8702.o)
                0x0000000022027860                cg16_config
 .text.usec_timer_init
                0x00000000220278d0       0x70 /Users/nux/Source/rockbox/build-boot-ipod6g/firmware/libfirmware.a(clocking-s5l8702.o)
                0x00000000220278d0                usec_timer_init
 .text.udelay   0x0000000022027940       0x24 /Users/nux/Source/rockbox/build-boot-ipod6g/firmware/libfirmware.a(usb-s5l8702.o)
 .text.usb_dw_target_enable_clocks
                0x0000000022027964       0x74 /Users/nux/Source/rockbox/build-boot-ipod6g/firmware/libfirmware.a(usb-s5l8702.o)
                0x0000000022027964                usb_dw_target_enable_clocks
 .text.usb_dw_target_disable_clocks
                0x00000000220279d8       0x44 /Users/nux/Source/rockbox/build-boot-ipod6g/firmware/libfirmware.a(usb-s5l8702.o)
                0x00000000220279d8                usb_dw_target_disable_clocks
 .text.usb_dw_target_enable_irq
                0x0000000022027a1c       0x14 /Users/nux/Source/rockbox/build-boot-ipod6g/firmware/libfirmware.a(usb-s5l8702.o)
                0x0000000022027a1c                usb_dw_target_enable_irq
 .text.usb_dw_target_disable_irq
                0x0000000022027a30       0x14 /Users/nux/Source/rockbox/build-boot-ipod6g/firmware/libfirmware.a(usb-s5l8702.o)
                0x0000000022027a30                usb_dw_target_disable_irq
 .text.usb_dw_target_clear_irq
                0x0000000022027a44        0x4 /Users/nux/Source/rockbox/build-boot-ipod6g/firmware/libfirmware.a(usb-s5l8702.o)
                0x0000000022027a44                usb_dw_target_clear_irq
 .text.usb_enable
                0x0000000022027a48       0x10 /Users/nux/Source/rockbox/build-boot-ipod6g/firmware/libfirmware.a(usb-s5l8702.o)
                0x0000000022027a48                usb_enable
 .text.usb_detect
                0x0000000022027a58       0x10 /Users/nux/Source/rockbox/build-boot-ipod6g/firmware/libfirmware.a(usb-s5l8702.o)
                0x0000000022027a58                usb_detect
 .text.usb_insert_int
                0x0000000022027a68       0x14 /Users/nux/Source/rockbox/build-boot-ipod6g/firmware/libfirmware.a(usb-s5l8702.o)
                0x0000000022027a68                usb_insert_int
 .text.usb_remove_int
                0x0000000022027a7c       0x14 /Users/nux/Source/rockbox/build-boot-ipod6g/firmware/libfirmware.a(usb-s5l8702.o)
                0x0000000022027a7c                usb_remove_int
 .text.usb_init_device
                0x0000000022027a90       0x20 /Users/nux/Source/rockbox/build-boot-ipod6g/firmware/libfirmware.a(usb-s5l8702.o)
                0x0000000022027a90                usb_init_device
 .text.spi_wait_ready
                0x0000000022027ab0       0x40 /Users/nux/Source/rockbox/build-boot-ipod6g/firmware/libfirmware.a(spi-s5l8702.o)
 .text.spi_clkdiv
                0x0000000022027af0       0x10 /Users/nux/Source/rockbox/build-boot-ipod6g/firmware/libfirmware.a(spi-s5l8702.o)
                0x0000000022027af0                spi_clkdiv
 .text.spi_init
                0x0000000022027b00       0x98 /Users/nux/Source/rockbox/build-boot-ipod6g/firmware/libfirmware.a(spi-s5l8702.o)
                0x0000000022027b00                spi_init
 .text.spi_ce   0x0000000022027b98       0x50 /Users/nux/Source/rockbox/build-boot-ipod6g/firmware/libfirmware.a(spi-s5l8702.o)
                0x0000000022027b98                spi_ce
 .text.spi_prepare
                0x0000000022027be8      0x144 /Users/nux/Source/rockbox/build-boot-ipod6g/firmware/libfirmware.a(spi-s5l8702.o)
                0x0000000022027be8                spi_prepare
 .text.spi_release
                0x0000000022027d2c       0x20 /Users/nux/Source/rockbox/build-boot-ipod6g/firmware/libfirmware.a(spi-s5l8702.o)
                0x0000000022027d2c                spi_release
 .text.spi_write
                0x0000000022027d4c       0xd8 /Users/nux/Source/rockbox/build-boot-ipod6g/firmware/libfirmware.a(spi-s5l8702.o)
                0x0000000022027d4c                spi_write
 .text.spi_read
                0x0000000022027e24       0xc4 /Users/nux/Source/rockbox/build-boot-ipod6g/firmware/libfirmware.a(spi-s5l8702.o)
                0x0000000022027e24                spi_read
 .text.get_uint32le
                0x0000000022027ee8       0x20 /Users/nux/Source/rockbox/build-boot-ipod6g/firmware/libfirmware.a(norboot-s5l8702.o)
 .text.bootflash_wait_ready
                0x0000000022027f08       0x50 /Users/nux/Source/rockbox/build-boot-ipod6g/firmware/libfirmware.a(norboot-s5l8702.o)
 .text.bootflash_init
                0x0000000022027f58       0x20 /Users/nux/Source/rockbox/build-boot-ipod6g/firmware/libfirmware.a(norboot-s5l8702.o)
                0x0000000022027f58                bootflash_init
 .text.bootflash_close
                0x0000000022027f78        0x8 /Users/nux/Source/rockbox/build-boot-ipod6g/firmware/libfirmware.a(norboot-s5l8702.o)
                0x0000000022027f78                bootflash_close
 .text.bootflash_read
                0x0000000022027f80       0x8c /Users/nux/Source/rockbox/build-boot-ipod6g/firmware/libfirmware.a(norboot-s5l8702.o)
                0x0000000022027f80                bootflash_read
 .text.syscfg_read
                0x000000002202800c       0xa4 /Users/nux/Source/rockbox/build-boot-ipod6g/firmware/libfirmware.a(norboot-s5l8702.o)
                0x000000002202800c                syscfg_read
 .text.im3_nor_sz
                0x00000000220280b0       0x20 /Users/nux/Source/rockbox/build-boot-ipod6g/firmware/libfirmware.a(norboot-s5l8702.o)
                0x00000000220280b0                im3_nor_sz
 .text.im3_read
                0x00000000220280d0      0x144 /Users/nux/Source/rockbox/build-boot-ipod6g/firmware/libfirmware.a(norboot-s5l8702.o)
                0x00000000220280d0                im3_read
 .text.s5l_lcd_run_seq8
                0x0000000022028214       0x4c /Users/nux/Source/rockbox/build-boot-ipod6g/firmware/libfirmware.a(lcd-s5l8702.o)
 .text.s5l_lcd_run_seq16
                0x0000000022028260       0xc8 /Users/nux/Source/rockbox/build-boot-ipod6g/firmware/libfirmware.a(lcd-s5l8702.o)
 .text.lcd_init_device
                0x0000000022028328      0x140 /Users/nux/Source/rockbox/build-boot-ipod6g/firmware/libfirmware.a(lcd-s5l8702.o)
                0x0000000022028328                lcd_init_device
 .text.usb_no_host_callback
                0x0000000022028468       0x20 /Users/nux/Source/rockbox/build-boot-ipod6g/firmware/libfirmware.a(usb_core.o)
 .text.init_deinit_endpoints
                0x0000000022028488       0xb4 /Users/nux/Source/rockbox/build-boot-ipod6g/firmware/libfirmware.a(usb_core.o)
 .text.control_request_handler_drivers
                0x000000002202853c      0x110 /Users/nux/Source/rockbox/build-boot-ipod6g/firmware/libfirmware.a(usb_core.o)
 .text.request_handler_endpoint_drivers
                0x000000002202864c       0x7c /Users/nux/Source/rockbox/build-boot-ipod6g/firmware/libfirmware.a(usb_core.o)
 .text.usb_core_init
                0x00000000220286c8       0x98 /Users/nux/Source/rockbox/build-boot-ipod6g/firmware/libfirmware.a(usb_core.o)
                0x00000000220286c8                usb_core_init
 .text.usb_core_enable_driver
                0x0000000022028760       0x10 /Users/nux/Source/rockbox/build-boot-ipod6g/firmware/libfirmware.a(usb_core.o)
                0x0000000022028760                usb_core_enable_driver
 .text.usb_core_bus_reset
                0x0000000022028770       0x4c /Users/nux/Source/rockbox/build-boot-ipod6g/firmware/libfirmware.a(usb_core.o)
                0x0000000022028770                usb_core_bus_reset
 .text.usb_core_transfer_complete
                0x00000000220287bc       0x90 /Users/nux/Source/rockbox/build-boot-ipod6g/firmware/libfirmware.a(usb_core.o)
                0x00000000220287bc                usb_core_transfer_complete
 .text.usb_core_control_request
                0x000000002202884c       0x2c /Users/nux/Source/rockbox/build-boot-ipod6g/firmware/libfirmware.a(usb_core.o)
                0x000000002202884c                usb_core_control_request
 .text.usb_core_control_complete
                0x0000000022028878        0x4 /Users/nux/Source/rockbox/build-boot-ipod6g/firmware/libfirmware.a(usb_core.o)
                0x0000000022028878                usb_core_control_complete
 .text.usb_charging_maxcurrent
                0x000000002202887c       0x78 /Users/nux/Source/rockbox/build-boot-ipod6g/firmware/libfirmware.a(usb_core.o)
                0x000000002202887c                usb_charging_maxcurrent
 .text.usb_core_do_set_config
                0x00000000220288f4      0x124 /Users/nux/Source/rockbox/build-boot-ipod6g/firmware/libfirmware.a(usb_core.o)
 .text.usb_core_exit
                0x0000000022028a18       0x54 /Users/nux/Source/rockbox/build-boot-ipod6g/firmware/libfirmware.a(usb_core.o)
                0x0000000022028a18                usb_core_exit
 .text.usb_core_handle_transfer_completion
                0x0000000022028a6c      0x85c /Users/nux/Source/rockbox/build-boot-ipod6g/firmware/libfirmware.a(usb_core.o)
                0x0000000022028a6c                usb_core_handle_transfer_completion
 .text.usb_core_handle_notify
                0x00000000220292c8       0xb8 /Users/nux/Source/rockbox/build-boot-ipod6g/firmware/libfirmware.a(usb_core.o)
                0x00000000220292c8                usb_core_handle_notify
 .text.usb_charging_enable
                0x0000000022029380       0x1c /Users/nux/Source/rockbox/build-boot-ipod6g/firmware/libfirmware.a(usb_core.o)
                0x0000000022029380                usb_charging_enable
 .text.copy_padded
                0x000000002202939c       0x30 /Users/nux/Source/rockbox/build-boot-ipod6g/firmware/libfirmware.a(usb_storage.o)
 .text.send_command_result
                0x00000000220293cc       0x30 /Users/nux/Source/rockbox/build-boot-ipod6g/firmware/libfirmware.a(usb_storage.o)
 .text.send_command_failed_result
                0x00000000220293fc       0x30 /Users/nux/Source/rockbox/build-boot-ipod6g/firmware/libfirmware.a(usb_storage.o)
 .text.send_and_read_next
                0x000000002202942c       0xc0 /Users/nux/Source/rockbox/build-boot-ipod6g/firmware/libfirmware.a(usb_storage.o)
 .text.send_csw
                0x00000000220294ec       0xd0 /Users/nux/Source/rockbox/build-boot-ipod6g/firmware/libfirmware.a(usb_storage.o)
 .text.usb_storage_send_smart
                0x00000000220295bc       0x5c /Users/nux/Source/rockbox/build-boot-ipod6g/firmware/libfirmware.a(usb_storage.o)
 .text.usb_storage_send_ata_identify
                0x0000000022029618       0x80 /Users/nux/Source/rockbox/build-boot-ipod6g/firmware/libfirmware.a(usb_storage.o)
 .text.handle_scsi
                0x0000000022029698      0xc70 /Users/nux/Source/rockbox/build-boot-ipod6g/firmware/libfirmware.a(usb_storage.o)
 .text.usb_storage_init
                0x000000002202a308        0x4 /Users/nux/Source/rockbox/build-boot-ipod6g/firmware/libfirmware.a(usb_storage.o)
                0x000000002202a308                usb_storage_init
 .text.usb_storage_set_first_interface
                0x000000002202a30c       0x14 /Users/nux/Source/rockbox/build-boot-ipod6g/firmware/libfirmware.a(usb_storage.o)
                0x000000002202a30c                usb_storage_set_first_interface
 .text.usb_storage_get_config_descriptor
                0x000000002202a320       0x78 /Users/nux/Source/rockbox/build-boot-ipod6g/firmware/libfirmware.a(usb_storage.o)
                0x000000002202a320                usb_storage_get_config_descriptor
 .text.usb_storage_init_connection
                0x000000002202a398       0x74 /Users/nux/Source/rockbox/build-boot-ipod6g/firmware/libfirmware.a(usb_storage.o)
                0x000000002202a398                usb_storage_init_connection
 .text.usb_storage_disconnect
                0x000000002202a40c        0x4 /Users/nux/Source/rockbox/build-boot-ipod6g/firmware/libfirmware.a(usb_storage.o)
                0x000000002202a40c                usb_storage_disconnect
 .text.usb_storage_transfer_complete
                0x000000002202a410      0x2ec /Users/nux/Source/rockbox/build-boot-ipod6g/firmware/libfirmware.a(usb_storage.o)
                0x000000002202a410                usb_storage_transfer_complete
 .text.usb_storage_control_request
                0x000000002202a6fc       0x54 /Users/nux/Source/rockbox/build-boot-ipod6g/firmware/libfirmware.a(usb_storage.o)
                0x000000002202a6fc                usb_storage_control_request
 .text.udelay   0x000000002202a750       0x24 /Users/nux/Source/rockbox/build-boot-ipod6g/firmware/libfirmware.a(usb-designware.o)
 .text.usb_dw_ep0_recv
                0x000000002202a774       0x2c /Users/nux/Source/rockbox/build-boot-ipod6g/firmware/libfirmware.a(usb-designware.o)
 .text.usb_dw_disable_ep.part.0
                0x000000002202a7a0       0x7c /Users/nux/Source/rockbox/build-boot-ipod6g/firmware/libfirmware.a(usb-designware.o)
 .text.usb_dw_maxxfersize.part.0
                0x000000002202a81c       0x54 /Users/nux/Source/rockbox/build-boot-ipod6g/firmware/libfirmware.a(usb-designware.o)
 .text.usb_dw_flush_fifo
                0x000000002202a870       0x30 /Users/nux/Source/rockbox/build-boot-ipod6g/firmware/libfirmware.a(usb-designware.o)
 .text.usb_dw_epstart
                0x000000002202a8a0      0x174 /Users/nux/Source/rockbox/build-boot-ipod6g/firmware/libfirmware.a(usb-designware.o)
 .text.usb_dw_handle_xfer_complete
                0x000000002202aa14      0x298 /Users/nux/Source/rockbox/build-boot-ipod6g/firmware/libfirmware.a(usb-designware.o)
 .text.usb_dw_flush_endpoint
                0x000000002202acac      0x190 /Users/nux/Source/rockbox/build-boot-ipod6g/firmware/libfirmware.a(usb-designware.o)
 .text.usb_dw_abort_endpoint.part.0
                0x000000002202ae3c       0x30 /Users/nux/Source/rockbox/build-boot-ipod6g/firmware/libfirmware.a(usb-designware.o)
 .text.usb_dw_unconfigure_ep
                0x000000002202ae6c       0x5c /Users/nux/Source/rockbox/build-boot-ipod6g/firmware/libfirmware.a(usb-designware.o)
 .text.usb_dw_reset_endpoints
                0x000000002202aec8       0xc0 /Users/nux/Source/rockbox/build-boot-ipod6g/firmware/libfirmware.a(usb-designware.o)
 .text.usb_dw_control_received
                0x000000002202af88       0xf8 /Users/nux/Source/rockbox/build-boot-ipod6g/firmware/libfirmware.a(usb-designware.o)
 .text.usb_drv_cancel_all_transfers
                0x000000002202b080       0xcc /Users/nux/Source/rockbox/build-boot-ipod6g/firmware/libfirmware.a(usb-designware.o)
                0x000000002202b080                usb_drv_cancel_all_transfers
 .text.usb_drv_stalled
                0x000000002202b14c       0x2c /Users/nux/Source/rockbox/build-boot-ipod6g/firmware/libfirmware.a(usb-designware.o)
                0x000000002202b14c                usb_drv_stalled
 .text.usb_drv_stall
                0x000000002202b178       0x58 /Users/nux/Source/rockbox/build-boot-ipod6g/firmware/libfirmware.a(usb-designware.o)
                0x000000002202b178                usb_drv_stall
 .text.usb_drv_set_address
                0x000000002202b1d0        0x4 /Users/nux/Source/rockbox/build-boot-ipod6g/firmware/libfirmware.a(usb-designware.o)
                0x000000002202b1d0                usb_drv_set_address
 .text.usb_drv_port_speed
                0x000000002202b1d4       0x18 /Users/nux/Source/rockbox/build-boot-ipod6g/firmware/libfirmware.a(usb-designware.o)
                0x000000002202b1d4                usb_drv_port_speed
 .text.usb_drv_set_test_mode
                0x000000002202b1ec        0x4 /Users/nux/Source/rockbox/build-boot-ipod6g/firmware/libfirmware.a(usb-designware.o)
                0x000000002202b1ec                usb_drv_set_test_mode
 .text.usb_attach
                0x000000002202b1f0        0x4 /Users/nux/Source/rockbox/build-boot-ipod6g/firmware/libfirmware.a(usb-designware.o)
                0x000000002202b1f0                usb_attach
 .text.usb_drv_init
                0x000000002202b1f4      0x334 /Users/nux/Source/rockbox/build-boot-ipod6g/firmware/libfirmware.a(usb-designware.o)
                0x000000002202b1f4                usb_drv_init
 .text.usb_drv_exit
                0x000000002202b528       0x2c /Users/nux/Source/rockbox/build-boot-ipod6g/firmware/libfirmware.a(usb-designware.o)
                0x000000002202b528                usb_drv_exit
 .text.INT_USB_FUNC
                0x000000002202b554      0x204 /Users/nux/Source/rockbox/build-boot-ipod6g/firmware/libfirmware.a(usb-designware.o)
                0x000000002202b554                INT_USB_FUNC
 .text.usb_drv_init_endpoint
                0x000000002202b758       0xec /Users/nux/Source/rockbox/build-boot-ipod6g/firmware/libfirmware.a(usb-designware.o)
                0x000000002202b758                usb_drv_init_endpoint
 .text.usb_drv_deinit_endpoint
                0x000000002202b844       0x50 /Users/nux/Source/rockbox/build-boot-ipod6g/firmware/libfirmware.a(usb-designware.o)
                0x000000002202b844                usb_drv_deinit_endpoint
 .text.usb_drv_recv_nonblocking
                0x000000002202b894       0x4c /Users/nux/Source/rockbox/build-boot-ipod6g/firmware/libfirmware.a(usb-designware.o)
                0x000000002202b894                usb_drv_recv_nonblocking
 .text.usb_drv_send_nonblocking
                0x000000002202b8e0       0x4c /Users/nux/Source/rockbox/build-boot-ipod6g/firmware/libfirmware.a(usb-designware.o)
                0x000000002202b8e0                usb_drv_send_nonblocking
 .text.usb_drv_control_response
                0x000000002202b92c      0x14c /Users/nux/Source/rockbox/build-boot-ipod6g/firmware/libfirmware.a(usb-designware.o)
                0x000000002202b92c                usb_drv_control_response
 .text.lcd_target_get_info
                0x000000002202ba78       0x28 /Users/nux/Source/rockbox/build-boot-ipod6g/firmware/libfirmware.a(lcd-6g.o)
                0x000000002202ba78                lcd_target_get_info
 .text.backlight_hw_brightness
                0x000000002202baa0        0xc /Users/nux/Source/rockbox/build-boot-ipod6g/firmware/libfirmware.a(backlight-6g.o)
                0x000000002202baa0                backlight_hw_brightness
 .text.backlight_hw_on
                0x000000002202baac        0xc /Users/nux/Source/rockbox/build-boot-ipod6g/firmware/libfirmware.a(backlight-6g.o)
                0x000000002202baac                backlight_hw_on
 .text.backlight_hw_init
                0x000000002202bab8       0x30 /Users/nux/Source/rockbox/build-boot-ipod6g/firmware/libfirmware.a(backlight-6g.o)
                0x000000002202bab8                backlight_hw_init
 .text.pmu_eint_isr
                0x000000002202bae8       0x20 /Users/nux/Source/rockbox/build-boot-ipod6g/firmware/libfirmware.a(pmu-6g.o)
 .text.pmu_read_multiple
                0x000000002202bb08       0x24 /Users/nux/Source/rockbox/build-boot-ipod6g/firmware/libfirmware.a(pmu-6g.o)
                0x000000002202bb08                pmu_read_multiple
 .text.pmu_write_multiple
                0x000000002202bb2c       0x24 /Users/nux/Source/rockbox/build-boot-ipod6g/firmware/libfirmware.a(pmu-6g.o)
                0x000000002202bb2c                pmu_write_multiple
 .text.pmu_read
                0x000000002202bb50       0x1c /Users/nux/Source/rockbox/build-boot-ipod6g/firmware/libfirmware.a(pmu-6g.o)
                0x000000002202bb50                pmu_read
 .text.pmu_read_inputs_mbcs
                0x000000002202bb6c       0x24 /Users/nux/Source/rockbox/build-boot-ipod6g/firmware/libfirmware.a(pmu-6g.o)
 .text.pmu_read_inputs_ooc
                0x000000002202bb90       0x24 /Users/nux/Source/rockbox/build-boot-ipod6g/firmware/libfirmware.a(pmu-6g.o)
 .text.pmu_read_inputs_gpio
                0x000000002202bbb4       0x28 /Users/nux/Source/rockbox/build-boot-ipod6g/firmware/libfirmware.a(pmu-6g.o)
 .text.pmu_thread
                0x000000002202bbdc       0x9c /Users/nux/Source/rockbox/build-boot-ipod6g/firmware/libfirmware.a(pmu-6g.o)
 .text.pmu_write
                0x000000002202bc78       0x1c /Users/nux/Source/rockbox/build-boot-ipod6g/firmware/libfirmware.a(pmu-6g.o)
                0x000000002202bc78                pmu_write
 .text.pmu_hdd_power
                0x000000002202bc94        0xc /Users/nux/Source/rockbox/build-boot-ipod6g/firmware/libfirmware.a(pmu-6g.o)
                0x000000002202bc94                pmu_hdd_power
 .text.pmu_set_wake_condition
                0x000000002202bca0        0xc /Users/nux/Source/rockbox/build-boot-ipod6g/firmware/libfirmware.a(pmu-6g.o)
                0x000000002202bca0                pmu_set_wake_condition
 .text.pmu_enter_standby
                0x000000002202bcac        0xc /Users/nux/Source/rockbox/build-boot-ipod6g/firmware/libfirmware.a(pmu-6g.o)
                0x000000002202bcac                pmu_enter_standby
 .text.pmu_read_rtc
                0x000000002202bcb8       0x10 /Users/nux/Source/rockbox/build-boot-ipod6g/firmware/libfirmware.a(pmu-6g.o)
                0x000000002202bcb8                pmu_read_rtc
 .text.pmu_write_rtc
                0x000000002202bcc8       0x10 /Users/nux/Source/rockbox/build-boot-ipod6g/firmware/libfirmware.a(pmu-6g.o)
                0x000000002202bcc8                pmu_write_rtc
 .text.pmu_adc_raw2mv
                0x000000002202bcd8       0xc8 /Users/nux/Source/rockbox/build-boot-ipod6g/firmware/libfirmware.a(pmu-6g.o)
                0x000000002202bcd8                pmu_adc_raw2mv
 .text.pmu_read_adc
                0x000000002202bda0       0xa0 /Users/nux/Source/rockbox/build-boot-ipod6g/firmware/libfirmware.a(pmu-6g.o)
                0x000000002202bda0                pmu_read_adc
 .text.pmu_holdswitch_locked
                0x000000002202be40       0x10 /Users/nux/Source/rockbox/build-boot-ipod6g/firmware/libfirmware.a(pmu-6g.o)
                0x000000002202be40                pmu_holdswitch_locked
 .text.pmu_firewire_present
                0x000000002202be50       0x10 /Users/nux/Source/rockbox/build-boot-ipod6g/firmware/libfirmware.a(pmu-6g.o)
                0x000000002202be50                pmu_firewire_present
 .text.pmu_init
                0x000000002202be60       0xd4 /Users/nux/Source/rockbox/build-boot-ipod6g/firmware/libfirmware.a(pmu-6g.o)
                0x000000002202be60                pmu_init
 .text.pmu_rd_multiple
                0x000000002202bf34       0x24 /Users/nux/Source/rockbox/build-boot-ipod6g/firmware/libfirmware.a(pmu-6g.o)
                0x000000002202bf34                pmu_rd_multiple
 .text.pmu_wr_multiple
                0x000000002202bf58       0x24 /Users/nux/Source/rockbox/build-boot-ipod6g/firmware/libfirmware.a(pmu-6g.o)
                0x000000002202bf58                pmu_wr_multiple
 .text.pmu_rd   0x000000002202bf7c       0x1c /Users/nux/Source/rockbox/build-boot-ipod6g/firmware/libfirmware.a(pmu-6g.o)
                0x000000002202bf7c                pmu_rd
 .text.pmu_wr   0x000000002202bf98       0x1c /Users/nux/Source/rockbox/build-boot-ipod6g/firmware/libfirmware.a(pmu-6g.o)
                0x000000002202bf98                pmu_wr
 .text.pmu_preinit
                0x000000002202bfb4       0x48 /Users/nux/Source/rockbox/build-boot-ipod6g/firmware/libfirmware.a(pmu-6g.o)
                0x000000002202bfb4                pmu_preinit
 .text.pmu_is_hibernated
                0x000000002202bffc       0x30 /Users/nux/Source/rockbox/build-boot-ipod6g/firmware/libfirmware.a(pmu-6g.o)
                0x000000002202bffc                pmu_is_hibernated
 .text._battery_voltage
                0x000000002202c02c        0x4 /Users/nux/Source/rockbox/build-boot-ipod6g/firmware/libfirmware.a(powermgmt-6g.o)
                0x000000002202c02c                _battery_voltage
 .text.chrg_monitor_cb
                0x000000002202c030       0x28 /Users/nux/Source/rockbox/build-boot-ipod6g/firmware/libfirmware.a(power-6g.o)
 .text.power_off
                0x000000002202c058       0x14 /Users/nux/Source/rockbox/build-boot-ipod6g/firmware/libfirmware.a(power-6g.o)
                0x000000002202c058                power_off
 .text.power_init
                0x000000002202c06c       0x5c /Users/nux/Source/rockbox/build-boot-ipod6g/firmware/libfirmware.a(power-6g.o)
                0x000000002202c06c                power_init
 .text.ide_power_enable
                0x000000002202c0c8       0x10 /Users/nux/Source/rockbox/build-boot-ipod6g/firmware/libfirmware.a(power-6g.o)
                0x000000002202c0c8                ide_power_enable
 .text.ide_powered
                0x000000002202c0d8       0x18 /Users/nux/Source/rockbox/build-boot-ipod6g/firmware/libfirmware.a(power-6g.o)
                0x000000002202c0d8                ide_powered
 .text.usb_charging_maxcurrent_change
                0x000000002202c0f0       0x5c /Users/nux/Source/rockbox/build-boot-ipod6g/firmware/libfirmware.a(power-6g.o)
                0x000000002202c0f0                usb_charging_maxcurrent_change
 .text.charging_state
                0x000000002202c14c       0x1c /Users/nux/Source/rockbox/build-boot-ipod6g/firmware/libfirmware.a(power-6g.o)
                0x000000002202c14c                charging_state
 .text.power_input_status
                0x000000002202c168      0x1bc /Users/nux/Source/rockbox/build-boot-ipod6g/firmware/libfirmware.a(power-6g.o)
                0x000000002202c168                power_input_status
 .text.udelay   0x000000002202c324       0x24 /Users/nux/Source/rockbox/build-boot-ipod6g/firmware/libfirmware.a(storage_ata-6g.o)
 .text.ata_read_cbr
                0x000000002202c348       0x44 /Users/nux/Source/rockbox/build-boot-ipod6g/firmware/libfirmware.a(storage_ata-6g.o)
 .text.ata_write_cbr
                0x000000002202c38c       0x1c /Users/nux/Source/rockbox/build-boot-ipod6g/firmware/libfirmware.a(storage_ata-6g.o)
 .text.mmc_dsta_check_data_success
                0x000000002202c3a8       0x58 /Users/nux/Source/rockbox/build-boot-ipod6g/firmware/libfirmware.a(storage_ata-6g.o)
 .text.ata_set_active
                0x000000002202c400       0x1c /Users/nux/Source/rockbox/build-boot-ipod6g/firmware/libfirmware.a(storage_ata-6g.o)
 .text.ata_wait_for_not_bsy
                0x000000002202c41c       0x58 /Users/nux/Source/rockbox/build-boot-ipod6g/firmware/libfirmware.a(storage_ata-6g.o)
 .text.ata_wait_for_rdy
                0x000000002202c474       0x6c /Users/nux/Source/rockbox/build-boot-ipod6g/firmware/libfirmware.a(storage_ata-6g.o)
 .text.ata_wait_for_start_of_transfer
                0x000000002202c4e0       0x7c /Users/nux/Source/rockbox/build-boot-ipod6g/firmware/libfirmware.a(storage_ata-6g.o)
 .text.mmc_discard_irq
                0x000000002202c55c       0x20 /Users/nux/Source/rockbox/build-boot-ipod6g/firmware/libfirmware.a(storage_ata-6g.o)
 .text.ata_power_down
                0x000000002202c57c       0x5c /Users/nux/Source/rockbox/build-boot-ipod6g/firmware/libfirmware.a(storage_ata-6g.o)
 .text.ata_disk_isssd
                0x000000002202c5d8       0x68 /Users/nux/Source/rockbox/build-boot-ipod6g/firmware/libfirmware.a(storage_ata-6g.o)
 .text.mmc_send_command.constprop.0
                0x000000002202c640      0x1b4 /Users/nux/Source/rockbox/build-boot-ipod6g/firmware/libfirmware.a(storage_ata-6g.o)
 .text.ceata_write_multiple_register.constprop.0
                0x000000002202c7f4       0xdc /Users/nux/Source/rockbox/build-boot-ipod6g/firmware/libfirmware.a(storage_ata-6g.o)
 .text.ceata_wait_idle
                0x000000002202c8d0       0x70 /Users/nux/Source/rockbox/build-boot-ipod6g/firmware/libfirmware.a(storage_ata-6g.o)
 .text.ceata_cancel_command
                0x000000002202c940       0x74 /Users/nux/Source/rockbox/build-boot-ipod6g/firmware/libfirmware.a(storage_ata-6g.o)
 .text.ata_set_feature
                0x000000002202c9b4      0x10c /Users/nux/Source/rockbox/build-boot-ipod6g/firmware/libfirmware.a(storage_ata-6g.o)
 .text.ata_flush_cache
                0x000000002202cac0       0xe8 /Users/nux/Source/rockbox/build-boot-ipod6g/firmware/libfirmware.a(storage_ata-6g.o)
 .text.ceata_check_error
                0x000000002202cba8       0x50 /Users/nux/Source/rockbox/build-boot-ipod6g/firmware/libfirmware.a(storage_ata-6g.o)
 .text.ceata_rw_multiple_block.constprop.0
                0x000000002202cbf8      0x11c /Users/nux/Source/rockbox/build-boot-ipod6g/firmware/libfirmware.a(storage_ata-6g.o)
 .text.ata_identify.constprop.0
                0x000000002202cd14      0x108 /Users/nux/Source/rockbox/build-boot-ipod6g/firmware/libfirmware.a(storage_ata-6g.o)
 .text.ata_rw_chunk_internal
                0x000000002202ce1c      0x498 /Users/nux/Source/rockbox/build-boot-ipod6g/firmware/libfirmware.a(storage_ata-6g.o)
 .text.ceata_soft_reset
                0x000000002202d2b4       0xac /Users/nux/Source/rockbox/build-boot-ipod6g/firmware/libfirmware.a(storage_ata-6g.o)
 .text.ata_power_up
                0x000000002202d360      0x728 /Users/nux/Source/rockbox/build-boot-ipod6g/firmware/libfirmware.a(storage_ata-6g.o)
 .text.ata_get_info
                0x000000002202da88      0x118 /Users/nux/Source/rockbox/build-boot-ipod6g/firmware/libfirmware.a(storage_ata-6g.o)
                0x000000002202da88                ata_get_info
 .text.ata_set_phys_sector_mult
                0x000000002202dba0       0x50 /Users/nux/Source/rockbox/build-boot-ipod6g/firmware/libfirmware.a(storage_ata-6g.o)
                0x000000002202dba0                ata_set_phys_sector_mult
 .text.ata_disk_is_active
                0x000000002202dbf0       0x10 /Users/nux/Source/rockbox/build-boot-ipod6g/firmware/libfirmware.a(storage_ata-6g.o)
                0x000000002202dbf0                ata_disk_is_active
 .text.ata_soft_reset
                0x000000002202dc00       0xb0 /Users/nux/Source/rockbox/build-boot-ipod6g/firmware/libfirmware.a(storage_ata-6g.o)
                0x000000002202dc00                ata_soft_reset
 .text.ata_hard_reset
                0x000000002202dcb0       0x30 /Users/nux/Source/rockbox/build-boot-ipod6g/firmware/libfirmware.a(storage_ata-6g.o)
                0x000000002202dcb0                ata_hard_reset
 .text.ata_reset
                0x000000002202dce0       0x90 /Users/nux/Source/rockbox/build-boot-ipod6g/firmware/libfirmware.a(storage_ata-6g.o)
 .text.ata_transfer_sectors
                0x000000002202dd70      0x220 /Users/nux/Source/rockbox/build-boot-ipod6g/firmware/libfirmware.a(storage_ata-6g.o)
 .text.cache_sector
                0x000000002202df90       0x84 /Users/nux/Source/rockbox/build-boot-ipod6g/firmware/libfirmware.a(storage_ata-6g.o)
 .text.ata_read_sectors
                0x000000002202e014      0x14c /Users/nux/Source/rockbox/build-boot-ipod6g/firmware/libfirmware.a(storage_ata-6g.o)
                0x000000002202e014                ata_read_sectors
 .text.flush_current_sector
                0x000000002202e160       0x34 /Users/nux/Source/rockbox/build-boot-ipod6g/firmware/libfirmware.a(storage_ata-6g.o)
 .text.ata_write_sectors
                0x000000002202e194      0x180 /Users/nux/Source/rockbox/build-boot-ipod6g/firmware/libfirmware.a(storage_ata-6g.o)
                0x000000002202e194                ata_write_sectors
 .text.ata_get_phys_sector_mult
                0x000000002202e314      0x100 /Users/nux/Source/rockbox/build-boot-ipod6g/firmware/libfirmware.a(storage_ata-6g.o)
 .text.ata_sleepnow
                0x000000002202e414      0x180 /Users/nux/Source/rockbox/build-boot-ipod6g/firmware/libfirmware.a(storage_ata-6g.o)
                0x000000002202e414                ata_sleepnow
 .text.ata_init
                0x000000002202e594      0x150 /Users/nux/Source/rockbox/build-boot-ipod6g/firmware/libfirmware.a(storage_ata-6g.o)
                0x000000002202e594                ata_init
 .text.ata_read_smart
                0x000000002202e6e4      0x1d4 /Users/nux/Source/rockbox/build-boot-ipod6g/firmware/libfirmware.a(storage_ata-6g.o)
                0x000000002202e6e4                ata_read_smart
 .text.ata_get_identify
                0x000000002202e8b8        0xc /Users/nux/Source/rockbox/build-boot-ipod6g/firmware/libfirmware.a(storage_ata-6g.o)
                0x000000002202e8b8                ata_get_identify
 .text.INT_ATA  0x000000002202e8c4       0x3c /Users/nux/Source/rockbox/build-boot-ipod6g/firmware/libfirmware.a(storage_ata-6g.o)
                0x000000002202e8c4                INT_ATA
 .text.INT_MMC  0x000000002202e900       0x44 /Users/nux/Source/rockbox/build-boot-ipod6g/firmware/libfirmware.a(storage_ata-6g.o)
                0x000000002202e900                INT_MMC
 .text.ata_event
                0x000000002202e944      0x1c4 /Users/nux/Source/rockbox/build-boot-ipod6g/firmware/libfirmware.a(storage_ata-6g.o)
                0x000000002202e944                ata_event
 .text.mrsw_init
                0x000000002202eb08       0x2c /Users/nux/Source/rockbox/build-boot-ipod6g/firmware/libfirmware.a(mrsw_lock.o)
                0x000000002202eb08                mrsw_init
 .text.mrsw_read_acquire
                0x000000002202eb34      0x100 /Users/nux/Source/rockbox/build-boot-ipod6g/firmware/libfirmware.a(mrsw_lock.o)
                0x000000002202eb34                mrsw_read_acquire
 .text.mrsw_read_release
                0x000000002202ec34      0x138 /Users/nux/Source/rockbox/build-boot-ipod6g/firmware/libfirmware.a(mrsw_lock.o)
                0x000000002202ec34                mrsw_read_release
 .text.mrsw_write_acquire
                0x000000002202ed6c       0xa4 /Users/nux/Source/rockbox/build-boot-ipod6g/firmware/libfirmware.a(mrsw_lock.o)
                0x000000002202ed6c                mrsw_write_acquire
 .text.mrsw_write_release
                0x000000002202ee10       0x98 /Users/nux/Source/rockbox/build-boot-ipod6g/firmware/libfirmware.a(mrsw_lock.o)
                0x000000002202ee10                mrsw_write_release
 .text.mutex_init
                0x000000002202eea8       0x20 /Users/nux/Source/rockbox/build-boot-ipod6g/firmware/libfirmware.a(mutex.o)
                0x000000002202eea8                mutex_init
 .text.mutex_lock
                0x000000002202eec8       0x94 /Users/nux/Source/rockbox/build-boot-ipod6g/firmware/libfirmware.a(mutex.o)
                0x000000002202eec8                mutex_lock
 .text.mutex_unlock
                0x000000002202ef5c       0x68 /Users/nux/Source/rockbox/build-boot-ipod6g/firmware/libfirmware.a(mutex.o)
                0x000000002202ef5c                mutex_unlock
 .text.disable_interrupt_save.constprop.0
                0x000000002202efc4       0x10 /Users/nux/Source/rockbox/build-boot-ipod6g/firmware/libfirmware.a(queue.o)
 .text.queue_init
                0x000000002202efd4       0x6c /Users/nux/Source/rockbox/build-boot-ipod6g/firmware/libfirmware.a(queue.o)
                0x000000002202efd4                queue_init
 .text.queue_wait
                0x000000002202f040       0x98 /Users/nux/Source/rockbox/build-boot-ipod6g/firmware/libfirmware.a(queue.o)
                0x000000002202f040                queue_wait
 .text.queue_wait_w_tmo
                0x000000002202f0d8      0x11c /Users/nux/Source/rockbox/build-boot-ipod6g/firmware/libfirmware.a(queue.o)
                0x000000002202f0d8                queue_wait_w_tmo
 .text.queue_post
                0x000000002202f1f4       0x50 /Users/nux/Source/rockbox/build-boot-ipod6g/firmware/libfirmware.a(queue.o)
                0x000000002202f1f4                queue_post
 .text.queue_remove_from_head
                0x000000002202f244       0x4c /Users/nux/Source/rockbox/build-boot-ipod6g/firmware/libfirmware.a(queue.o)
                0x000000002202f244                queue_remove_from_head
 .text.queue_empty
                0x000000002202f290       0x18 /Users/nux/Source/rockbox/build-boot-ipod6g/firmware/libfirmware.a(queue.o)
                0x000000002202f290                queue_empty
 .text.queue_broadcast
                0x000000002202f2a8       0x44 /Users/nux/Source/rockbox/build-boot-ipod6g/firmware/libfirmware.a(queue.o)
                0x000000002202f2a8                queue_broadcast
 .text.init_queues
                0x000000002202f2ec        0x4 /Users/nux/Source/rockbox/build-boot-ipod6g/firmware/libfirmware.a(queue.o)
                0x000000002202f2ec                init_queues
 .text.semaphore_init
                0x000000002202f2f0       0x18 /Users/nux/Source/rockbox/build-boot-ipod6g/firmware/libfirmware.a(semaphore.o)
                0x000000002202f2f0                semaphore_init
 .text.semaphore_wait
                0x000000002202f308       0xd0 /Users/nux/Source/rockbox/build-boot-ipod6g/firmware/libfirmware.a(semaphore.o)
                0x000000002202f308                semaphore_wait
 .text.semaphore_release
                0x000000002202f3d8       0x70 /Users/nux/Source/rockbox/build-boot-ipod6g/firmware/libfirmware.a(semaphore.o)
                0x000000002202f3d8                semaphore_release
 .text.__bitarray_set_bit
                0x000000002202f448       0x1c /Users/nux/Source/rockbox/build-boot-ipod6g/firmware/libfirmware.a(thread.o)
 .text.__bitarray_clear_bit
                0x000000002202f464       0x1c /Users/nux/Source/rockbox/build-boot-ipod6g/firmware/libfirmware.a(thread.o)
 .text.prio_add_entry
                0x000000002202f480       0x2c /Users/nux/Source/rockbox/build-boot-ipod6g/firmware/libfirmware.a(thread.o)
 .text.prio_move_entry
                0x000000002202f4ac       0x54 /Users/nux/Source/rockbox/build-boot-ipod6g/firmware/libfirmware.a(thread.o)
 .text.priority_inherit_internal_inner
                0x000000002202f500       0x2c /Users/nux/Source/rockbox/build-boot-ipod6g/firmware/libfirmware.a(thread.o)
 .text.thread_panicf
                0x000000002202f52c       0x34 /Users/nux/Source/rockbox/build-boot-ipod6g/firmware/libfirmware.a(thread.o)
 .text.thread_stkov
                0x000000002202f560       0x14 /Users/nux/Source/rockbox/build-boot-ipod6g/firmware/libfirmware.a(thread.o)
 .text.wait_queue_find_priority.isra.0
                0x000000002202f574       0x40 /Users/nux/Source/rockbox/build-boot-ipod6g/firmware/libfirmware.a(thread.o)
 .text.core_rtr_add.constprop.0
                0x000000002202f5b4       0x3c /Users/nux/Source/rockbox/build-boot-ipod6g/firmware/libfirmware.a(thread.o)
 .text.core_schedule_wakeup
                0x000000002202f5f0        0x4 /Users/nux/Source/rockbox/build-boot-ipod6g/firmware/libfirmware.a(thread.o)
 .text.disable_interrupt.constprop.0
                0x000000002202f5f4       0x10 /Users/nux/Source/rockbox/build-boot-ipod6g/firmware/libfirmware.a(thread.o)
 .text.enable_interrupt.constprop.0
                0x000000002202f604       0x10 /Users/nux/Source/rockbox/build-boot-ipod6g/firmware/libfirmware.a(thread.o)
 .text.check_tmo_expired_inner.constprop.0
                0x000000002202f614       0xcc /Users/nux/Source/rockbox/build-boot-ipod6g/firmware/libfirmware.a(thread.o)
 .text.__bitarray_ffs.constprop.0
                0x000000002202f6e0       0x20 /Users/nux/Source/rockbox/build-boot-ipod6g/firmware/libfirmware.a(thread.o)
 .text.core_rtr_remove.constprop.0
                0x000000002202f700       0x48 /Users/nux/Source/rockbox/build-boot-ipod6g/firmware/libfirmware.a(thread.o)
 .text.priority_disinherit_internal_inner
                0x000000002202f748       0x64 /Users/nux/Source/rockbox/build-boot-ipod6g/firmware/libfirmware.a(thread.o)
 .text.wakeup_thread_transfer
                0x000000002202f7ac       0x8c /Users/nux/Source/rockbox/build-boot-ipod6g/firmware/libfirmware.a(thread.o)
 .text.wakeup_thread_queue_multi_transfer
                0x000000002202f838      0x134 /Users/nux/Source/rockbox/build-boot-ipod6g/firmware/libfirmware.a(thread.o)
 .text.inherit_priority
                0x000000002202f96c      0x134 /Users/nux/Source/rockbox/build-boot-ipod6g/firmware/libfirmware.a(thread.o)
 .text.wakeup_thread_release
                0x000000002202faa0       0x6c /Users/nux/Source/rockbox/build-boot-ipod6g/firmware/libfirmware.a(thread.o)
 .text.priority_disinherit
                0x000000002202fb0c       0x10 /Users/nux/Source/rockbox/build-boot-ipod6g/firmware/libfirmware.a(thread.o)
                0x000000002202fb0c                priority_disinherit
 .text.wakeup_thread_
                0x000000002202fb1c       0xa8 /Users/nux/Source/rockbox/build-boot-ipod6g/firmware/libfirmware.a(thread.o)
                0x000000002202fb1c                wakeup_thread_
 .text.switch_thread
                0x000000002202fbc4      0x118 /Users/nux/Source/rockbox/build-boot-ipod6g/firmware/libfirmware.a(thread.o)
                0x000000002202fbc4                switch_thread
 .text.sleep_thread
                0x000000002202fcdc       0x74 /Users/nux/Source/rockbox/build-boot-ipod6g/firmware/libfirmware.a(thread.o)
                0x000000002202fcdc                sleep_thread
 .text.block_thread_
                0x000000002202fd50       0xbc /Users/nux/Source/rockbox/build-boot-ipod6g/firmware/libfirmware.a(thread.o)
                0x000000002202fd50                block_thread_
 .text.create_thread
                0x000000002202fe0c      0x114 /Users/nux/Source/rockbox/build-boot-ipod6g/firmware/libfirmware.a(thread.o)
                0x000000002202fe0c                create_thread
 .text.thread_wait
                0x000000002202ff20       0x7c /Users/nux/Source/rockbox/build-boot-ipod6g/firmware/libfirmware.a(thread.o)
                0x000000002202ff20                thread_wait
 .text.thread_exit_final
                0x000000002202ff9c       0x2c /Users/nux/Source/rockbox/build-boot-ipod6g/firmware/libfirmware.a(thread.o)
 .text.thread_exit
                0x000000002202ffc8       0x88 /Users/nux/Source/rockbox/build-boot-ipod6g/firmware/libfirmware.a(thread.o)
                0x000000002202ffc8                thread_exit
 .text.start_thread
                0x0000000022030050       0x1c /Users/nux/Source/rockbox/build-boot-ipod6g/firmware/libfirmware.a(thread.o)
 .text.thread_set_priority
                0x000000002203006c      0x10c /Users/nux/Source/rockbox/build-boot-ipod6g/firmware/libfirmware.a(thread.o)
                0x000000002203006c                thread_set_priority
 .text.init_threads
                0x0000000022030178       0xb0 /Users/nux/Source/rockbox/build-boot-ipod6g/firmware/libfirmware.a(thread.o)
                0x0000000022030178                init_threads
 .text.thread_alloc_init
                0x0000000022030228       0x6c /Users/nux/Source/rockbox/build-boot-ipod6g/firmware/libfirmware.a(thread-common.o)